{"direction": "server", "ts": 1779987799.436504, "iso_ts": "2026-05-28T17:03:19.436+00:00", "text": "GoToLinkSSL:spr1.smartplace.ch:38435/Start1:Leer"}
{"direction": "client", "ts": 1779987799.873532, "iso_ts": "2026-05-28T17:03:19.873+00:00", "text": "GiveMeGlobalConfig"}
{"direction": "client", "ts": 1779987799.873903, "iso_ts": "2026-05-28T17:03:19.873+00:00", "text": "GiveStatusListe"}
{"direction": "server", "ts": 1779987799.90596, "iso_ts": "2026-05-28T17:03:19.905+00:00", "text": "EINSTELLUNGENGLOBAL>2>300>0.8>1>300>undefined"}
{"direction": "server", "ts": 1779987799.906498, "iso_ts": "2026-05-28T17:03:19.906+00:00", "text": "StatusListe>Wetter>Tagesverbrauch>"}
{"direction": "server", "ts": 1779987808.614285, "iso_ts": "2026-05-28T17:03:28.614+00:00", "text": "TEMPIST3:27.2"}
{"direction": "server", "ts": 1779987808.861407, "iso_ts": "2026-05-28T17:03:28.861+00:00", "text": "TEMPIST3:27.1"}
{"direction": "server", "ts": 1779987810.803124, "iso_ts": "2026-05-28T17:03:30.803+00:00", "text": "TEMPIST3:27.2"}
{"direction": "server", "ts": 1779987811.046172, "iso_ts": "2026-05-28T17:03:31.046+00:00", "text": "TEMPIST3:27.1"}
{"direction": "server", "ts": 1779987815.676012, "iso_ts": "2026-05-28T17:03:35.676+00:00", "text": "TEMPIST3:27.2"}
{"direction": "server", "ts": 1779987815.921085, "iso_ts": "2026-05-28T17:03:35.921+00:00", "text": "TEMPIST3:27.1"}
{"direction": "server", "ts": 1779987818.599061, "iso_ts": "2026-05-28T17:03:38.599+00:00", "text": "TEMPIST3:27.2"}
{"direction": "server", "ts": 1779987822.002337, "iso_ts": "2026-05-28T17:03:42.002+00:00", "text": "TEMPIST3:27.1"}
{"direction": "server", "ts": 1779987822.980904, "iso_ts": "2026-05-28T17:03:42.980+00:00", "text": "TEMPIST3:27.2"}
{"direction": "server", "ts": 1779987824.921137, "iso_ts": "2026-05-28T17:03:44.921+00:00", "text": "TEMPIST3:27.1"}
{"direction": "server", "ts": 1779987827.09922, "iso_ts": "2026-05-28T17:03:47.099+00:00", "text": "TEMPIST3:27.2"}
{"direction": "server", "ts": 1779987828.563584, "iso_ts": "2026-05-28T17:03:48.563+00:00", "text": "TEMPIST3:27.1"}
{"direction": "server", "ts": 1779987836.105592, "iso_ts": "2026-05-28T17:03:56.105+00:00", "text": "TEMPIST3:27.2"}
{"direction": "server", "ts": 1779987836.832719, "iso_ts": "2026-05-28T17:03:56.832+00:00", "text": "TEMPIST3:27.1"}
{"direction": "server", "ts": 1779987838.545817, "iso_ts": "2026-05-28T17:03:58.545+00:00", "text": "TEMPIST3:27.2"}
{"direction": "server", "ts": 1779987839.034329, "iso_ts": "2026-05-28T17:03:59.034+00:00", "text": "TEMPIST3:27.1"}
{"direction": "server", "ts": 1779987840.494879, "iso_ts": "2026-05-28T17:04:00.494+00:00", "text": "WINDGESCHWINDIGKEIT:7.9"}
{"direction": "server", "ts": 1779987841.227473, "iso_ts": "2026-05-28T17:04:01.227+00:00", "text": "TEMPIST3:27.2"}
{"direction": "server", "ts": 1779987841.716163, "iso_ts": "2026-05-28T17:04:01.716+00:00", "text": "TEMPIST3:27.1"}
{"direction": "server", "ts": 1779987842.682707, "iso_ts": "2026-05-28T17:04:02.682+00:00", "text": "TEMPIST3:27.2"}
{"direction": "server", "ts": 1779987842.924903, "iso_ts": "2026-05-28T17:04:02.924+00:00", "text": "TEMPIST3:27.1"}
{"direction": "server", "ts": 1779987853.125621, "iso_ts": "2026-05-28T17:04:13.125+00:00", "text": "TEMPIST3:27.2"}
{"direction": "server", "ts": 1779987854.110053, "iso_ts": "2026-05-28T17:04:14.110+00:00", "text": "TEMPIST3:27.1"}
{"direction": "server", "ts": 1779987855.323731, "iso_ts": "2026-05-28T17:04:15.323+00:00", "text": "TEMPIST3:27.2"}
{"direction": "server", "ts": 1779987856.050711, "iso_ts": "2026-05-28T17:04:16.050+00:00", "text": "TEMPIST3:27.1"}
{"direction": "server", "ts": 1779987858.243633, "iso_ts": "2026-05-28T17:04:18.243+00:00", "text": "TEMPIST3:27.2"}
{"direction": "server", "ts": 1779987858.734508, "iso_ts": "2026-05-28T17:04:18.734+00:00", "text": "TEMPIST3:27.1"}
{"direction": "server", "ts": 1779987862.140715, "iso_ts": "2026-05-28T17:04:22.140+00:00", "text": "TEMPIST3:27.2"}
{"direction": "server", "ts": 1779987862.37838, "iso_ts": "2026-05-28T17:04:22.378+00:00", "text": "TEMPIST3:27.1"}
{"direction": "server", "ts": 1779987865.776691, "iso_ts": "2026-05-28T17:04:25.776+00:00", "text": "TEMPIST3:27.2"}
{"direction": "server", "ts": 1779987866.018107, "iso_ts": "2026-05-28T17:04:26.018+00:00", "text": "TEMPIST3:27.1"}
{"direction": "server", "ts": 1779987871.837033, "iso_ts": "2026-05-28T17:04:31.837+00:00", "text": "TEMPIST3:27.2"}
{"direction": "server", "ts": 1779987872.0801, "iso_ts": "2026-05-28T17:04:32.080+00:00", "text": "TEMPIST3:27.1"}
{"direction": "server", "ts": 1779987873.30258, "iso_ts": "2026-05-28T17:04:33.302+00:00", "text": "TEMPIST3:27.2"}
{"direction": "server", "ts": 1779987873.544156, "iso_ts": "2026-05-28T17:04:33.544+00:00", "text": "TEMPIST3:27.1"}
{"direction": "server", "ts": 1779987875.99175, "iso_ts": "2026-05-28T17:04:35.991+00:00", "text": "TEMPIST3:27.2"}
{"direction": "server", "ts": 1779987876.234008, "iso_ts": "2026-05-28T17:04:36.234+00:00", "text": "TEMPIST3:27.1"}
{"direction": "server", "ts": 1779987877.44583, "iso_ts": "2026-05-28T17:04:37.445+00:00", "text": "TEMPIST3:27.2"}
{"direction": "server", "ts": 1779987879.633933, "iso_ts": "2026-05-28T17:04:39.633+00:00", "text": "TEMPIST3:27.1"}
{"direction": "server", "ts": 1779987881.580199, "iso_ts": "2026-05-28T17:04:41.580+00:00", "text": "TEMPIST3:27.2"}
{"direction": "server", "ts": 1779987883.288079, "iso_ts": "2026-05-28T17:04:43.288+00:00", "text": "TEMPIST3:27.1"}
{"direction": "server", "ts": 1779987888.899654, "iso_ts": "2026-05-28T17:04:48.899+00:00", "text": "TEMPIST3:27.2"}
{"direction": "server", "ts": 1779987889.870243, "iso_ts": "2026-05-28T17:04:49.870+00:00", "text": "TEMPIST3:27.1"}
{"direction": "server", "ts": 1779987893.279915, "iso_ts": "2026-05-28T17:04:53.279+00:00", "text": "TEMPIST3:27.2"}
{"direction": "server", "ts": 1779987893.771085, "iso_ts": "2026-05-28T17:04:53.771+00:00", "text": "TEMPIST3:27.1"}
{"direction": "server", "ts": 1779987896.690996, "iso_ts": "2026-05-28T17:04:56.690+00:00", "text": "TEMPIST3:27.2"}
{"direction": "server", "ts": 1779987899.844429, "iso_ts": "2026-05-28T17:04:59.844+00:00", "text": "TEMPIST3:27.1"}
{"direction": "server", "ts": 1779987905.194563, "iso_ts": "2026-05-28T17:05:05.194+00:00", "text": "TEMPIST3:27.2"}
{"direction": "server", "ts": 1779987905.437568, "iso_ts": "2026-05-28T17:05:05.437+00:00", "text": "TEMPIST3:27.1"}
{"direction": "server", "ts": 1779987906.652364, "iso_ts": "2026-05-28T17:05:06.652+00:00", "text": "TEMPIST3:27.2"}
{"direction": "server", "ts": 1779987909.81934, "iso_ts": "2026-05-28T17:05:09.819+00:00", "text": "TEMPIST3:27.1"}
{"direction": "server", "ts": 1779987911.040297, "iso_ts": "2026-05-28T17:05:11.040+00:00", "text": "TEMPIST3:27.2"}
{"direction": "server", "ts": 1779987913.239289, "iso_ts": "2026-05-28T17:05:13.239+00:00", "text": "TEMPIST3:27.1"}
{"direction": "server", "ts": 1779987913.240129, "iso_ts": "2026-05-28T17:05:13.240+00:00", "text": "WINDGESCHWINDIGKEIT:10.8"}
{"direction": "server", "ts": 1779987914.700393, "iso_ts": "2026-05-28T17:05:14.700+00:00", "text": "TEMPIST3:27.2"}
{"direction": "server", "ts": 1779987915.920668, "iso_ts": "2026-05-28T17:05:15.920+00:00", "text": "TEMPIST3:27.1"}
{"direction": "server", "ts": 1779987917.625539, "iso_ts": "2026-05-28T17:05:17.625+00:00", "text": "TEMPIST3:27.2"}
{"direction": "server", "ts": 1779987919.809554, "iso_ts": "2026-05-28T17:05:19.809+00:00", "text": "TEMPIST3:27.1"}
{"direction": "server", "ts": 1779987920.782389, "iso_ts": "2026-05-28T17:05:20.782+00:00", "text": "TEMPIST3:27.2"}
{"direction": "server", "ts": 1779987922.243785, "iso_ts": "2026-05-28T17:05:22.243+00:00", "text": "TEMPIST3:27.1"}
{"direction": "server", "ts": 1779987923.216824, "iso_ts": "2026-05-28T17:05:23.216+00:00", "text": "TEMPIST3:27.2"}
{"direction": "server", "ts": 1779987923.454384, "iso_ts": "2026-05-28T17:05:23.454+00:00", "text": "TEMPIST3:27.1"}
{"direction": "server", "ts": 1779987924.432359, "iso_ts": "2026-05-28T17:05:24.432+00:00", "text": "TEMPIST3:27.2"}
{"direction": "server", "ts": 1779987925.166468, "iso_ts": "2026-05-28T17:05:25.166+00:00", "text": "TEMPIST3:27.1"}
{"direction": "server", "ts": 1779987930.051621, "iso_ts": "2026-05-28T17:05:30.051+00:00", "text": "TEMPIST3:27.2"}
{"direction": "server", "ts": 1779987932.243622, "iso_ts": "2026-05-28T17:05:32.243+00:00", "text": "TEMPIST3:27.1"}
{"direction": "server", "ts": 1779987934.683875, "iso_ts": "2026-05-28T17:05:34.683+00:00", "text": "TEMPIST3:27.2"}
{"direction": "server", "ts": 1779987934.928985, "iso_ts": "2026-05-28T17:05:34.928+00:00", "text": "TEMPIST3:27.1"}
{"direction": "server", "ts": 1779987936.142122, "iso_ts": "2026-05-28T17:05:36.142+00:00", "text": "TEMPIST3:27.2"}
{"direction": "server", "ts": 1779987936.630611, "iso_ts": "2026-05-28T17:05:36.630+00:00", "text": "TEMPIST3:27.1"}
{"direction": "server", "ts": 1779987937.852829, "iso_ts": "2026-05-28T17:05:37.852+00:00", "text": "TEMPIST3:27.2"}
{"direction": "server", "ts": 1779987939.801747, "iso_ts": "2026-05-28T17:05:39.801+00:00", "text": "TEMPIST3:27.1"}
{"direction": "server", "ts": 1779987943.436613, "iso_ts": "2026-05-28T17:05:43.436+00:00", "text": "WINDGESCHWINDIGKEIT:6.8"}
{"direction": "server", "ts": 1779987944.172983, "iso_ts": "2026-05-28T17:05:44.172+00:00", "text": "TEMPIST3:27.2"}
{"direction": "server", "ts": 1779987944.655747, "iso_ts": "2026-05-28T17:05:44.655+00:00", "text": "TEMPIST3:27.1"}
{"direction": "server", "ts": 1779987945.626301, "iso_ts": "2026-05-28T17:05:45.626+00:00", "text": "TEMPIST3:27.2"}
{"direction": "server", "ts": 1779987946.10973, "iso_ts": "2026-05-28T17:05:46.109+00:00", "text": "TEMPIST3:27.1"}
{"direction": "server", "ts": 1779987947.322684, "iso_ts": "2026-05-28T17:05:47.322+00:00", "text": "TEMPIST3:27.2"}
{"direction": "server", "ts": 1779987949.991883, "iso_ts": "2026-05-28T17:05:49.991+00:00", "text": "TEMPIST3:27.1"}
{"direction": "server", "ts": 1779987950.964915, "iso_ts": "2026-05-28T17:05:50.964+00:00", "text": "TEMPIST3:27.2"}
{"direction": "server", "ts": 1779987952.430943, "iso_ts": "2026-05-28T17:05:52.430+00:00", "text": "TEMPIST3:27.1"}
{"direction": "server", "ts": 1779987953.652178, "iso_ts": "2026-05-28T17:05:53.652+00:00", "text": "TEMPIST3:27.2"}
{"direction": "server", "ts": 1779987953.890854, "iso_ts": "2026-05-28T17:05:53.890+00:00", "text": "TEMPIST3:27.1"}
{"direction": "server", "ts": 1779987962.895794, "iso_ts": "2026-05-28T17:06:02.895+00:00", "text": "TEMPIST3:27.2"}
{"direction": "server", "ts": 1779987965.819468, "iso_ts": "2026-05-28T17:06:05.819+00:00", "text": "TEMPIST3:27.1"}
{"direction": "server", "ts": 1779987966.793757, "iso_ts": "2026-05-28T17:06:06.793+00:00", "text": "TEMPIST3:27.2"}
{"direction": "server", "ts": 1779987968.738457, "iso_ts": "2026-05-28T17:06:08.738+00:00", "text": "TEMPIST3:27.1"}
{"direction": "server", "ts": 1779987970.199277, "iso_ts": "2026-05-28T17:06:10.199+00:00", "text": "TEMPIST3:27.2"}
{"direction": "server", "ts": 1779987970.924198, "iso_ts": "2026-05-28T17:06:10.924+00:00", "text": "TEMPIST3:27.1"}
{"direction": "server", "ts": 1779987971.908204, "iso_ts": "2026-05-28T17:06:11.908+00:00", "text": "TEMPIST3:27.2"}
{"direction": "server", "ts": 1779987974.087022, "iso_ts": "2026-05-28T17:06:14.087+00:00", "text": "TEMPIST3:27.1"}
{"direction": "server", "ts": 1779987975.052119, "iso_ts": "2026-05-28T17:06:15.052+00:00", "text": "TEMPIST3:27.2"}
{"direction": "server", "ts": 1779987975.292629, "iso_ts": "2026-05-28T17:06:15.292+00:00", "text": "TEMPIST3:27.1"}
{"direction": "server", "ts": 1779987976.274148, "iso_ts": "2026-05-28T17:06:16.274+00:00", "text": "TEMPIST3:27.2"}
{"direction": "server", "ts": 1779987977.480172, "iso_ts": "2026-05-28T17:06:17.480+00:00", "text": "TEMPIST3:27.1"}
{"direction": "server", "ts": 1779987978.940533, "iso_ts": "2026-05-28T17:06:18.940+00:00", "text": "TEMPIST3:27.2"}
{"direction": "server", "ts": 1779987979.91623, "iso_ts": "2026-05-28T17:06:19.916+00:00", "text": "TEMPIST3:27.1"}
{"direction": "server", "ts": 1779987981.133232, "iso_ts": "2026-05-28T17:06:21.133+00:00", "text": "TEMPIST3:27.2"}
{"direction": "server", "ts": 1779987981.856238, "iso_ts": "2026-05-28T17:06:21.856+00:00", "text": "TEMPIST3:27.1"}
{"direction": "server", "ts": 1779987983.075377, "iso_ts": "2026-05-28T17:06:23.075+00:00", "text": "TEMPIST3:27.2"}
{"direction": "server", "ts": 1779987983.696501, "iso_ts": "2026-05-28T17:06:23.696+00:00", "text": "TEMPIST3:27.1"}
{"direction": "server", "ts": 1779987985.881452, "iso_ts": "2026-05-28T17:06:25.881+00:00", "text": "TEMPIST3:27.2"}
{"direction": "server", "ts": 1779987986.123856, "iso_ts": "2026-05-28T17:06:26.123+00:00", "text": "TEMPIST3:27.1"}
{"direction": "server", "ts": 1779987988.07117, "iso_ts": "2026-05-28T17:06:28.071+00:00", "text": "TEMPIST3:27.2"}
{"direction": "server", "ts": 1779987989.779527, "iso_ts": "2026-05-28T17:06:29.779+00:00", "text": "TEMPIST3:27.1"}
{"direction": "server", "ts": 1779987990.997184, "iso_ts": "2026-05-28T17:06:30.997+00:00", "text": "TEMPIST3:27.2"}
{"direction": "server", "ts": 1779987991.485641, "iso_ts": "2026-05-28T17:06:31.485+00:00", "text": "TEMPIST3:27.1"}
{"direction": "server", "ts": 1779987995.618788, "iso_ts": "2026-05-28T17:06:35.618+00:00", "text": "TEMPIST3:27.2"}
{"direction": "server", "ts": 1779987997.555955, "iso_ts": "2026-05-28T17:06:37.555+00:00", "text": "TEMPIST3:27.1"}
{"direction": "server", "ts": 1779988000.720816, "iso_ts": "2026-05-28T17:06:40.720+00:00", "text": "TEMPIST3:27.2"}
{"direction": "server", "ts": 1779988001.454618, "iso_ts": "2026-05-28T17:06:41.454+00:00", "text": "TEMPIST3:27.1"}
{"direction": "server", "ts": 1779988002.673945, "iso_ts": "2026-05-28T17:06:42.673+00:00", "text": "TEMPIST3:27.2"}
{"direction": "server", "ts": 1779988004.392656, "iso_ts": "2026-05-28T17:06:44.392+00:00", "text": "TEMPIST3:27.1"}
{"direction": "server", "ts": 1779988005.361557, "iso_ts": "2026-05-28T17:06:45.361+00:00", "text": "TEMPIST3:27.2"}
{"direction": "server", "ts": 1779988007.54364, "iso_ts": "2026-05-28T17:06:47.543+00:00", "text": "TEMPIST3:27.1"}
{"direction": "server", "ts": 1779988009.488437, "iso_ts": "2026-05-28T17:06:49.488+00:00", "text": "TEMPIST3:27.2"}
{"direction": "server", "ts": 1779988011.674633, "iso_ts": "2026-05-28T17:06:51.674+00:00", "text": "TEMPIST3:27.1"}
{"direction": "server", "ts": 1779988016.293625, "iso_ts": "2026-05-28T17:06:56.293+00:00", "text": "WINDGESCHWINDIGKEIT:9.7"}
{"direction": "server", "ts": 1779988016.536059, "iso_ts": "2026-05-28T17:06:56.536+00:00", "text": "TEMPIST3:27.2"}
{"direction": "server", "ts": 1779988017.992007, "iso_ts": "2026-05-28T17:06:57.992+00:00", "text": "TEMPIST3:27.1"}
{"direction": "server", "ts": 1779988020.42684, "iso_ts": "2026-05-28T17:07:00.426+00:00", "text": "TEMPIST3:27.2"}
{"direction": "server", "ts": 1779988027.487035, "iso_ts": "2026-05-28T17:07:07.487+00:00", "text": "TEMPIST3:27.1"}
{"direction": "server", "ts": 1779988028.455846, "iso_ts": "2026-05-28T17:07:08.455+00:00", "text": "TEMPIST3:27.2"}
{"direction": "server", "ts": 1779988028.934639, "iso_ts": "2026-05-28T17:07:08.934+00:00", "text": "TEMPIST3:27.1"}
{"direction": "server", "ts": 1779988029.908848, "iso_ts": "2026-05-28T17:07:09.908+00:00", "text": "TEMPIST3:27.2"}
{"direction": "server", "ts": 1779988031.859877, "iso_ts": "2026-05-28T17:07:11.859+00:00", "text": "TEMPIST3:27.1"}
{"direction": "server", "ts": 1779988033.315121, "iso_ts": "2026-05-28T17:07:13.315+00:00", "text": "TEMPIST3:27.2"}
{"direction": "server", "ts": 1779988033.55922, "iso_ts": "2026-05-28T17:07:13.559+00:00", "text": "WINDGESCHWINDIGKEIT:13.7"}
{"direction": "server", "ts": 1779988034.287182, "iso_ts": "2026-05-28T17:07:14.287+00:00", "text": "TEMPIST3:27.1"}
{"direction": "server", "ts": 1779988035.263835, "iso_ts": "2026-05-28T17:07:15.263+00:00", "text": "TEMPIST3:27.2"}
{"direction": "server", "ts": 1779988035.747013, "iso_ts": "2026-05-28T17:07:15.747+00:00", "text": "TEMPIST3:27.1"}
{"direction": "server", "ts": 1779988036.720425, "iso_ts": "2026-05-28T17:07:16.720+00:00", "text": "TEMPIST3:27.2"}
{"direction": "server", "ts": 1779988037.204988, "iso_ts": "2026-05-28T17:07:17.204+00:00", "text": "TEMPIST3:27.1"}
{"direction": "server", "ts": 1779988040.369528, "iso_ts": "2026-05-28T17:07:20.369+00:00", "text": "TEMPIST3:27.2"}
{"direction": "server", "ts": 1779988040.852927, "iso_ts": "2026-05-28T17:07:20.852+00:00", "text": "TEMPIST3:27.1"}
{"direction": "server", "ts": 1779988042.069422, "iso_ts": "2026-05-28T17:07:22.069+00:00", "text": "TEMPIST3:27.2"}
{"direction": "server", "ts": 1779988042.553403, "iso_ts": "2026-05-28T17:07:22.553+00:00", "text": "TEMPIST3:27.1"}
{"direction": "server", "ts": 1779988044.007433, "iso_ts": "2026-05-28T17:07:24.007+00:00", "text": "TEMPIST3:27.2"}
{"direction": "server", "ts": 1779988044.730865, "iso_ts": "2026-05-28T17:07:24.730+00:00", "text": "TEMPIST3:27.1"}
{"direction": "server", "ts": 1779988045.94223, "iso_ts": "2026-05-28T17:07:25.942+00:00", "text": "TEMPIST3:27.2"}
{"direction": "server", "ts": 1779988046.914015, "iso_ts": "2026-05-28T17:07:26.914+00:00", "text": "TEMPIST3:27.1"}
{"direction": "server", "ts": 1779988049.336163, "iso_ts": "2026-05-28T17:07:29.336+00:00", "text": "TEMPIST3:27.2"}
{"direction": "server", "ts": 1779988049.336866, "iso_ts": "2026-05-28T17:07:29.336+00:00", "text": "WINDGESCHWINDIGKEIT:11.2"}
{"direction": "server", "ts": 1779988050.79361, "iso_ts": "2026-05-28T17:07:30.793+00:00", "text": "TEMPIST3:27.1"}
{"direction": "server", "ts": 1779988053.480642, "iso_ts": "2026-05-28T17:07:33.480+00:00", "text": "TEMPIST3:27.2"}
{"direction": "server", "ts": 1779988057.852515, "iso_ts": "2026-05-28T17:07:37.852+00:00", "text": "TEMPIST3:27.1"}
{"direction": "server", "ts": 1779988060.288935, "iso_ts": "2026-05-28T17:07:40.288+00:00", "text": "TEMPIST3:27.2"}
{"direction": "server", "ts": 1779988060.534523, "iso_ts": "2026-05-28T17:07:40.534+00:00", "text": "TEMPIST3:27.1"}
{"direction": "server", "ts": 1779988061.749683, "iso_ts": "2026-05-28T17:07:41.749+00:00", "text": "TEMPIST3:27.2"}
{"direction": "server", "ts": 1779988063.213271, "iso_ts": "2026-05-28T17:07:43.213+00:00", "text": "TEMPIST3:27.1"}
{"direction": "server", "ts": 1779988064.432778, "iso_ts": "2026-05-28T17:07:44.432+00:00", "text": "TEMPIST3:27.2"}
{"direction": "server", "ts": 1779988064.914363, "iso_ts": "2026-05-28T17:07:44.914+00:00", "text": "TEMPIST3:27.1"}
{"direction": "server", "ts": 1779988065.650802, "iso_ts": "2026-05-28T17:07:45.650+00:00", "text": "WINDGESCHWINDIGKEIT:7.6"}
{"direction": "server", "ts": 1779988065.892371, "iso_ts": "2026-05-28T17:07:45.892+00:00", "text": "TEMPIST3:27.2"}
{"direction": "server", "ts": 1779988066.626003, "iso_ts": "2026-05-28T17:07:46.626+00:00", "text": "TEMPIST3:27.1"}
{"direction": "server", "ts": 1779988068.087569, "iso_ts": "2026-05-28T17:07:48.087+00:00", "text": "TEMPIST3:27.2"}
{"direction": "server", "ts": 1779988069.058249, "iso_ts": "2026-05-28T17:07:49.058+00:00", "text": "TEMPIST3:27.1"}
{"direction": "server", "ts": 1779988070.276651, "iso_ts": "2026-05-28T17:07:50.276+00:00", "text": "TEMPIST3:27.2"}
{"direction": "server", "ts": 1779988071.979917, "iso_ts": "2026-05-28T17:07:51.979+00:00", "text": "TEMPIST3:27.1"}
{"direction": "server", "ts": 1779988073.443501, "iso_ts": "2026-05-28T17:07:53.443+00:00", "text": "TEMPIST3:27.2"}
{"direction": "server", "ts": 1779988074.418922, "iso_ts": "2026-05-28T17:07:54.418+00:00", "text": "TEMPIST3:27.1"}
{"direction": "server", "ts": 1779988077.825525, "iso_ts": "2026-05-28T17:07:57.825+00:00", "text": "TEMPIST3:27.2"}
{"direction": "server", "ts": 1779988079.283924, "iso_ts": "2026-05-28T17:07:59.283+00:00", "text": "TEMPIST3:27.1"}
{"direction": "server", "ts": 1779988080.254759, "iso_ts": "2026-05-28T17:08:00.254+00:00", "text": "TEMPIST3:27.2"}
{"direction": "server", "ts": 1779988080.989746, "iso_ts": "2026-05-28T17:08:00.989+00:00", "text": "TEMPIST3:27.1"}
{"direction": "server", "ts": 1779988082.684304, "iso_ts": "2026-05-28T17:08:02.684+00:00", "text": "TEMPIST3:27.2"}
{"direction": "server", "ts": 1779988083.169869, "iso_ts": "2026-05-28T17:08:03.169+00:00", "text": "TEMPIST3:27.1"}
{"direction": "server", "ts": 1779988084.633991, "iso_ts": "2026-05-28T17:08:04.633+00:00", "text": "TEMPIST3:27.2"}
{"direction": "server", "ts": 1779988084.87197, "iso_ts": "2026-05-28T17:08:04.871+00:00", "text": "TEMPIST3:27.1"}
{"direction": "server", "ts": 1779988087.535925, "iso_ts": "2026-05-28T17:08:07.535+00:00", "text": "TEMPIST3:27.2"}
{"direction": "server", "ts": 1779988087.782838, "iso_ts": "2026-05-28T17:08:07.782+00:00", "text": "TEMPIST3:27.1"}
{"direction": "server", "ts": 1779988089.480147, "iso_ts": "2026-05-28T17:08:09.480+00:00", "text": "TEMPIST3:27.2"}
{"direction": "server", "ts": 1779988090.200761, "iso_ts": "2026-05-28T17:08:10.200+00:00", "text": "TEMPIST3:27.1"}
{"direction": "server", "ts": 1779988092.876808, "iso_ts": "2026-05-28T17:08:12.876+00:00", "text": "TEMPIST3:27.2"}
{"direction": "server", "ts": 1779988094.088842, "iso_ts": "2026-05-28T17:08:14.088+00:00", "text": "TEMPOUT:26.6"}
{"direction": "server", "ts": 1779988096.514812, "iso_ts": "2026-05-28T17:08:16.514+00:00", "text": "TEMPIST3:27.1"}
{"direction": "server", "ts": 1779988105.507329, "iso_ts": "2026-05-28T17:08:25.507+00:00", "text": "TEMPIST3:27.2"}
{"direction": "server", "ts": 1779988105.754652, "iso_ts": "2026-05-28T17:08:25.754+00:00", "text": "TEMPIST3:27.1"}
{"direction": "server", "ts": 1779988106.73229, "iso_ts": "2026-05-28T17:08:26.732+00:00", "text": "TEMPIST3:27.2"}
{"direction": "server", "ts": 1779988107.710085, "iso_ts": "2026-05-28T17:08:27.710+00:00", "text": "TEMPIST3:27.1"}
{"direction": "server", "ts": 1779988110.148247, "iso_ts": "2026-05-28T17:08:30.148+00:00", "text": "TEMPIST3:27.2"}
{"direction": "server", "ts": 1779988112.581798, "iso_ts": "2026-05-28T17:08:32.581+00:00", "text": "TEMPIST3:27.1"}
{"direction": "server", "ts": 1779988114.035053, "iso_ts": "2026-05-28T17:08:34.035+00:00", "text": "TEMPIST3:27.2"}
{"direction": "server", "ts": 1779988114.280151, "iso_ts": "2026-05-28T17:08:34.280+00:00", "text": "TEMPIST3:27.1"}
{"direction": "server", "ts": 1779988116.71078, "iso_ts": "2026-05-28T17:08:36.710+00:00", "text": "TEMPIST3:27.2"}
{"direction": "server", "ts": 1779988116.952322, "iso_ts": "2026-05-28T17:08:36.952+00:00", "text": "TEMPIST3:27.1"}
{"direction": "server", "ts": 1779988118.893219, "iso_ts": "2026-05-28T17:08:38.893+00:00", "text": "TEMPIST3:27.2"}
{"direction": "server", "ts": 1779988119.133032, "iso_ts": "2026-05-28T17:08:39.133+00:00", "text": "TEMPIST3:27.1"}
{"direction": "server", "ts": 1779988122.065176, "iso_ts": "2026-05-28T17:08:42.065+00:00", "text": "TEMPIST3:27.2"}
{"direction": "server", "ts": 1779988124.004118, "iso_ts": "2026-05-28T17:08:44.004+00:00", "text": "TEMPIST3:27.1"}
{"direction": "server", "ts": 1779988125.219596, "iso_ts": "2026-05-28T17:08:45.219+00:00", "text": "TEMPIST3:27.2"}
{"direction": "server", "ts": 1779988126.432198, "iso_ts": "2026-05-28T17:08:46.432+00:00", "text": "TEMPIST3:27.1"}
{"direction": "server", "ts": 1779988128.374078, "iso_ts": "2026-05-28T17:08:48.374+00:00", "text": "TEMPIST3:27.2"}
{"direction": "server", "ts": 1779988129.836393, "iso_ts": "2026-05-28T17:08:49.836+00:00", "text": "TEMPIST3:27.1"}
{"direction": "server", "ts": 1779988134.935338, "iso_ts": "2026-05-28T17:08:54.935+00:00", "text": "TEMPIST3:27.2"}
{"direction": "server", "ts": 1779988135.176886, "iso_ts": "2026-05-28T17:08:55.176+00:00", "text": "TEMPIST3:27.1"}
{"direction": "server", "ts": 1779988139.06649, "iso_ts": "2026-05-28T17:08:59.066+00:00", "text": "TEMPIST3:27.2"}
{"direction": "server", "ts": 1779988139.551349, "iso_ts": "2026-05-28T17:08:59.551+00:00", "text": "TEMPIST3:27.1"}
{"direction": "server", "ts": 1779988141.735741, "iso_ts": "2026-05-28T17:09:01.735+00:00", "text": "TEMPIST3:27.2"}
{"direction": "server", "ts": 1779988143.217467, "iso_ts": "2026-05-28T17:09:03.217+00:00", "text": "TEMPIST3:27.1"}
{"direction": "server", "ts": 1779988144.433452, "iso_ts": "2026-05-28T17:09:04.433+00:00", "text": "TEMPIST3:27.2"}
{"direction": "server", "ts": 1779988145.168425, "iso_ts": "2026-05-28T17:09:05.168+00:00", "text": "TEMPIST3:27.1"}
{"direction": "server", "ts": 1779988153.658569, "iso_ts": "2026-05-28T17:09:13.658+00:00", "text": "TEMPIST3:27.2"}
{"direction": "server", "ts": 1779988154.868644, "iso_ts": "2026-05-28T17:09:14.868+00:00", "text": "TEMPIST3:27.1"}
{"direction": "server", "ts": 1779988159.733554, "iso_ts": "2026-05-28T17:09:19.733+00:00", "text": "TEMPIST3:27.2"}
{"direction": "server", "ts": 1779988160.21583, "iso_ts": "2026-05-28T17:09:20.215+00:00", "text": "TEMPIST3:27.1"}
{"direction": "server", "ts": 1779988162.39269, "iso_ts": "2026-05-28T17:09:22.392+00:00", "text": "TEMPIST3:27.2"}
{"direction": "server", "ts": 1779988162.877115, "iso_ts": "2026-05-28T17:09:22.877+00:00", "text": "TEMPIST3:27.1"}
{"direction": "server", "ts": 1779988164.578038, "iso_ts": "2026-05-28T17:09:24.578+00:00", "text": "TEMPIST3:27.2"}
{"direction": "server", "ts": 1779988164.822409, "iso_ts": "2026-05-28T17:09:24.822+00:00", "text": "TEMPIST3:27.1"}
{"direction": "server", "ts": 1779988166.03775, "iso_ts": "2026-05-28T17:09:26.037+00:00", "text": "TEMPIST3:27.2"}
{"direction": "server", "ts": 1779988167.735782, "iso_ts": "2026-05-28T17:09:27.735+00:00", "text": "TEMPIST3:27.1"}
{"direction": "server", "ts": 1779988171.133106, "iso_ts": "2026-05-28T17:09:31.133+00:00", "text": "TEMPIST3:27.2"}
{"direction": "server", "ts": 1779988171.372817, "iso_ts": "2026-05-28T17:09:31.372+00:00", "text": "TEMPIST3:27.1"}
{"direction": "server", "ts": 1779988173.792649, "iso_ts": "2026-05-28T17:09:33.792+00:00", "text": "TEMPIST3:27.2"}
{"direction": "server", "ts": 1779988174.764632, "iso_ts": "2026-05-28T17:09:34.764+00:00", "text": "TEMPIST3:27.1"}
{"direction": "server", "ts": 1779988175.977304, "iso_ts": "2026-05-28T17:09:35.977+00:00", "text": "TEMPIST3:27.2"}
{"direction": "server", "ts": 1779988176.220873, "iso_ts": "2026-05-28T17:09:36.220+00:00", "text": "TEMPIST3:27.1"}
{"direction": "server", "ts": 1779988177.437895, "iso_ts": "2026-05-28T17:09:37.437+00:00", "text": "TEMPIST3:27.2"}
{"direction": "server", "ts": 1779988177.679162, "iso_ts": "2026-05-28T17:09:37.679+00:00", "text": "TEMPIST3:27.1"}
{"direction": "server", "ts": 1779988181.596953, "iso_ts": "2026-05-28T17:09:41.596+00:00", "text": "TEMPIST3:27.2"}
{"direction": "server", "ts": 1779988182.327064, "iso_ts": "2026-05-28T17:09:42.327+00:00", "text": "TEMPIST3:27.1"}
{"direction": "server", "ts": 1779988184.768156, "iso_ts": "2026-05-28T17:09:44.768+00:00", "text": "TEMPIST3:27.2"}
{"direction": "server", "ts": 1779988185.731319, "iso_ts": "2026-05-28T17:09:45.731+00:00", "text": "TEMPIST3:27.1"}
{"direction": "server", "ts": 1779988186.760726, "iso_ts": "2026-05-28T17:09:46.760+00:00", "text": "TEMPIST3:27.2"}
{"direction": "server", "ts": 1779988187.728021, "iso_ts": "2026-05-28T17:09:47.728+00:00", "text": "TEMPIST3:27.1"}
{"direction": "server", "ts": 1779988188.940263, "iso_ts": "2026-05-28T17:09:48.940+00:00", "text": "TEMPIST3:27.2"}
{"direction": "server", "ts": 1779988189.421303, "iso_ts": "2026-05-28T17:09:49.421+00:00", "text": "TEMPIST3:27.1"}
{"direction": "server", "ts": 1779988192.113413, "iso_ts": "2026-05-28T17:09:52.113+00:00", "text": "TEMPIST1:26.6"}
{"direction": "server", "ts": 1779988192.357246, "iso_ts": "2026-05-28T17:09:52.357+00:00", "text": "TEMPIST1:26.5"}
{"direction": "server", "ts": 1779988192.358099, "iso_ts": "2026-05-28T17:09:52.358+00:00", "text": "WINDGESCHWINDIGKEIT:4.3"}
{"direction": "server", "ts": 1779988194.297368, "iso_ts": "2026-05-28T17:09:54.297+00:00", "text": "TEMPIST3:27.2"}
{"direction": "server", "ts": 1779988195.271574, "iso_ts": "2026-05-28T17:09:55.271+00:00", "text": "TEMPIST1:26.6"}
{"direction": "server", "ts": 1779988195.753177, "iso_ts": "2026-05-28T17:09:55.753+00:00", "text": "TEMPIST1:26.5"}
{"direction": "server", "ts": 1779988195.753994, "iso_ts": "2026-05-28T17:09:55.753+00:00", "text": "TEMPIST3:27.1"}
{"direction": "server", "ts": 1779988196.968609, "iso_ts": "2026-05-28T17:09:56.968+00:00", "text": "TEMPIST3:27.2"}
{"direction": "server", "ts": 1779988197.212156, "iso_ts": "2026-05-28T17:09:57.212+00:00", "text": "TEMPIST3:27.1"}
{"direction": "server", "ts": 1779988202.080339, "iso_ts": "2026-05-28T17:10:02.080+00:00", "text": "TEMPIST3:27.2"}
{"direction": "server", "ts": 1779988202.32615, "iso_ts": "2026-05-28T17:10:02.326+00:00", "text": "TEMPIST3:27.1"}
{"direction": "server", "ts": 1779988203.535178, "iso_ts": "2026-05-28T17:10:03.535+00:00", "text": "TEMPIST3:27.2"}
{"direction": "server", "ts": 1779988205.726164, "iso_ts": "2026-05-28T17:10:05.726+00:00", "text": "TEMPIST3:27.1"}
{"direction": "server", "ts": 1779988208.64234, "iso_ts": "2026-05-28T17:10:08.642+00:00", "text": "TEMPIST3:27.2"}
{"direction": "server", "ts": 1779988209.12737, "iso_ts": "2026-05-28T17:10:09.127+00:00", "text": "TEMPIST3:27.1"}
{"direction": "server", "ts": 1779988216.1764, "iso_ts": "2026-05-28T17:10:16.176+00:00", "text": "TEMPIST3:27.2"}
{"direction": "server", "ts": 1779988217.147434, "iso_ts": "2026-05-28T17:10:17.147+00:00", "text": "TEMPIST3:27.1"}
{"direction": "server", "ts": 1779988219.821108, "iso_ts": "2026-05-28T17:10:19.821+00:00", "text": "TEMPIST3:27.2"}
{"direction": "server", "ts": 1779988220.307542, "iso_ts": "2026-05-28T17:10:20.307+00:00", "text": "TEMPIST3:27.1"}
{"direction": "server", "ts": 1779988229.553384, "iso_ts": "2026-05-28T17:10:29.553+00:00", "text": "TEMPIST3:27.2"}
{"direction": "server", "ts": 1779988230.044306, "iso_ts": "2026-05-28T17:10:30.044+00:00", "text": "TEMPIST3:27.1"}
{"direction": "server", "ts": 1779988232.000694, "iso_ts": "2026-05-28T17:10:32.000+00:00", "text": "TEMPIST3:27.2"}
{"direction": "server", "ts": 1779988233.222599, "iso_ts": "2026-05-28T17:10:33.222+00:00", "text": "TEMPIST3:27.1"}
{"direction": "server", "ts": 1779988234.916881, "iso_ts": "2026-05-28T17:10:34.916+00:00", "text": "TEMPIST3:27.2"}
{"direction": "server", "ts": 1779988235.642724, "iso_ts": "2026-05-28T17:10:35.642+00:00", "text": "TEMPIST3:27.1"}
{"direction": "server", "ts": 1779988237.094777, "iso_ts": "2026-05-28T17:10:37.094+00:00", "text": "TEMPIST3:27.2"}
{"direction": "server", "ts": 1779988237.095339, "iso_ts": "2026-05-28T17:10:37.095+00:00", "text": "WINDGESCHWINDIGKEIT:7.2"}
{"direction": "server", "ts": 1779988238.553175, "iso_ts": "2026-05-28T17:10:38.553+00:00", "text": "TEMPIST3:27.1"}
{"direction": "server", "ts": 1779988242.207939, "iso_ts": "2026-05-28T17:10:42.207+00:00", "text": "TEMPIST3:27.2"}
{"direction": "server", "ts": 1779988242.69675, "iso_ts": "2026-05-28T17:10:42.696+00:00", "text": "TEMPIST3:27.1"}
{"direction": "server", "ts": 1779988243.911626, "iso_ts": "2026-05-28T17:10:43.911+00:00", "text": "TEMPIST3:27.2"}
{"direction": "server", "ts": 1779988244.881323, "iso_ts": "2026-05-28T17:10:44.881+00:00", "text": "TEMPIST3:27.1"}
{"direction": "server", "ts": 1779988246.101994, "iso_ts": "2026-05-28T17:10:46.101+00:00", "text": "TEMPIST3:27.2"}
{"direction": "server", "ts": 1779988247.32149, "iso_ts": "2026-05-28T17:10:47.321+00:00", "text": "StandsSingelChartUpdate49:STAND99:6060.818"}
{"direction": "server", "ts": 1779988247.563731, "iso_ts": "2026-05-28T17:10:47.563+00:00", "text": "CHART49STAND1:6.416"}
{"direction": "server", "ts": 1779988247.564277, "iso_ts": "2026-05-28T17:10:47.564+00:00", "text": "StandsSingelChartUpdate49:STAND1:6.416"}
{"direction": "server", "ts": 1779988248.055155, "iso_ts": "2026-05-28T17:10:48.055+00:00", "text": "TEMPIST3:27.1"}
{"direction": "server", "ts": 1779988248.055874, "iso_ts": "2026-05-28T17:10:48.055+00:00", "text": "StandsSingelChartUpdate49:STAND2:20.774"}
{"direction": "server", "ts": 1779988248.056429, "iso_ts": "2026-05-28T17:10:48.056+00:00", "text": "StandsSingelChartUpdate49:STAND3:116.913"}
{"direction": "server", "ts": 1779988248.78995, "iso_ts": "2026-05-28T17:10:48.789+00:00", "text": "StandsSingelChartUpdate49:STAND4:784.728"}
{"direction": "server", "ts": 1779988252.929996, "iso_ts": "2026-05-28T17:10:52.929+00:00", "text": "StandsSingelChartUpdate49:STAND89:3910.738"}
{"direction": "server", "ts": 1779988253.175398, "iso_ts": "2026-05-28T17:10:53.175+00:00", "text": "WINDGESCHWINDIGKEIT:9.7"}
{"direction": "server", "ts": 1779988258.532005, "iso_ts": "2026-05-28T17:10:58.532+00:00", "text": "TEMPIST3:27.2"}
{"direction": "server", "ts": 1779988258.778068, "iso_ts": "2026-05-28T17:10:58.778+00:00", "text": "TEMPIST3:27.1"}
{"direction": "server", "ts": 1779988262.904062, "iso_ts": "2026-05-28T17:11:02.904+00:00", "text": "TEMPIST3:27.2"}
{"direction": "server", "ts": 1779988263.146082, "iso_ts": "2026-05-28T17:11:03.146+00:00", "text": "TEMPIST3:27.1"}
{"direction": "server", "ts": 1779988264.365303, "iso_ts": "2026-05-28T17:11:04.365+00:00", "text": "TEMPIST3:27.2"}
{"direction": "server", "ts": 1779988265.091367, "iso_ts": "2026-05-28T17:11:05.091+00:00", "text": "TEMPIST3:27.1"}
{"direction": "server", "ts": 1779988272.372223, "iso_ts": "2026-05-28T17:11:12.372+00:00", "text": "TEMPIST3:27.2"}
{"direction": "server", "ts": 1779988273.831663, "iso_ts": "2026-05-28T17:11:13.831+00:00", "text": "TEMPIST3:27.1"}
{"direction": "server", "ts": 1779988274.558886, "iso_ts": "2026-05-28T17:11:14.558+00:00", "text": "TEMPIST1:26.6"}
{"direction": "server", "ts": 1779988275.047282, "iso_ts": "2026-05-28T17:11:15.047+00:00", "text": "TEMPIST1:26.5"}
{"direction": "server", "ts": 1779988276.259108, "iso_ts": "2026-05-28T17:11:16.259+00:00", "text": "TEMPIST3:27.2"}
{"direction": "server", "ts": 1779988276.50225, "iso_ts": "2026-05-28T17:11:16.502+00:00", "text": "TEMPIST3:27.1"}
{"direction": "server", "ts": 1779988277.712529, "iso_ts": "2026-05-28T17:11:17.712+00:00", "text": "TEMPIST3:27.2"}
{"direction": "server", "ts": 1779988277.956224, "iso_ts": "2026-05-28T17:11:17.956+00:00", "text": "TEMPIST3:27.1"}
{"direction": "server", "ts": 1779988286.698745, "iso_ts": "2026-05-28T17:11:26.698+00:00", "text": "TEMPIST1:26.6"}
{"direction": "server", "ts": 1779988287.673994, "iso_ts": "2026-05-28T17:11:27.673+00:00", "text": "TEMPIST1:26.5"}
{"direction": "server", "ts": 1779988290.336834, "iso_ts": "2026-05-28T17:11:30.336+00:00", "text": "TEMPIST1:26.6"}
{"direction": "server", "ts": 1779988290.818358, "iso_ts": "2026-05-28T17:11:30.818+00:00", "text": "TEMPIST1:26.5"}
{"direction": "server", "ts": 1779988291.547412, "iso_ts": "2026-05-28T17:11:31.547+00:00", "text": "TEMPIST3:27.2"}
{"direction": "server", "ts": 1779988291.793101, "iso_ts": "2026-05-28T17:11:31.793+00:00", "text": "TEMPIST3:27.1"}
{"direction": "server", "ts": 1779988293.006331, "iso_ts": "2026-05-28T17:11:33.006+00:00", "text": "TEMPIST3:27.2"}
{"direction": "server", "ts": 1779988294.708926, "iso_ts": "2026-05-28T17:11:34.708+00:00", "text": "TEMPIST3:27.1"}
{"direction": "server", "ts": 1779988295.447529, "iso_ts": "2026-05-28T17:11:35.447+00:00", "text": "WINDGESCHWINDIGKEIT:12.6"}
{"direction": "server", "ts": 1779988303.476903, "iso_ts": "2026-05-28T17:11:43.476+00:00", "text": "TEMPIST3:27.2"}
{"direction": "server", "ts": 1779988304.696883, "iso_ts": "2026-05-28T17:11:44.696+00:00", "text": "TEMPIST3:27.1"}
{"direction": "server", "ts": 1779988304.935613, "iso_ts": "2026-05-28T17:11:44.935+00:00", "text": "TEMPIST1:26.6"}
{"direction": "server", "ts": 1779988305.897684, "iso_ts": "2026-05-28T17:11:45.897+00:00", "text": "TEMPIST1:26.5"}
{"direction": "server", "ts": 1779988308.811682, "iso_ts": "2026-05-28T17:11:48.811+00:00", "text": "TEMPIST1:26.6"}
{"direction": "server", "ts": 1779988310.019649, "iso_ts": "2026-05-28T17:11:50.019+00:00", "text": "TEMPIST1:26.5"}
{"direction": "server", "ts": 1779988310.263882, "iso_ts": "2026-05-28T17:11:50.263+00:00", "text": "TEMPIST3:27.2"}
{"direction": "server", "ts": 1779988310.506214, "iso_ts": "2026-05-28T17:11:50.506+00:00", "text": "TEMPIST1:26.6"}
{"direction": "server", "ts": 1779988310.74572, "iso_ts": "2026-05-28T17:11:50.745+00:00", "text": "TEMPIST1:26.5"}
{"direction": "server", "ts": 1779988312.208824, "iso_ts": "2026-05-28T17:11:52.208+00:00", "text": "TEMPIST1:26.6"}
{"direction": "server", "ts": 1779988312.941883, "iso_ts": "2026-05-28T17:11:52.941+00:00", "text": "TEMPIST1:26.5"}
{"direction": "server", "ts": 1779988313.187681, "iso_ts": "2026-05-28T17:11:53.187+00:00", "text": "TEMPIST3:27.1"}
{"direction": "server", "ts": 1779988323.855052, "iso_ts": "2026-05-28T17:12:03.855+00:00", "text": "TEMPIST3:27.2"}
{"direction": "server", "ts": 1779988324.098146, "iso_ts": "2026-05-28T17:12:04.098+00:00", "text": "TEMPIST3:27.1"}
{"direction": "server", "ts": 1779988325.314291, "iso_ts": "2026-05-28T17:12:05.314+00:00", "text": "TEMPIST3:27.2"}
{"direction": "server", "ts": 1779988325.551815, "iso_ts": "2026-05-28T17:12:05.551+00:00", "text": "TEMPIST3:27.1"}
{"direction": "server", "ts": 1779988329.691246, "iso_ts": "2026-05-28T17:12:09.691+00:00", "text": "TEMPIST1:26.6"}
{"direction": "server", "ts": 1779988329.931661, "iso_ts": "2026-05-28T17:12:09.931+00:00", "text": "TEMPIST3:27.2"}
{"direction": "server", "ts": 1779988330.171167, "iso_ts": "2026-05-28T17:12:10.171+00:00", "text": "TEMPIST3:27.1"}
{"direction": "server", "ts": 1779988330.659046, "iso_ts": "2026-05-28T17:12:10.659+00:00", "text": "TEMPIST1:26.5"}
{"direction": "server", "ts": 1779988331.881033, "iso_ts": "2026-05-28T17:12:11.881+00:00", "text": "TEMPIST1:26.6"}
{"direction": "server", "ts": 1779988332.36211, "iso_ts": "2026-05-28T17:12:12.362+00:00", "text": "TEMPIST1:26.5"}
{"direction": "server", "ts": 1779988333.090079, "iso_ts": "2026-05-28T17:12:13.090+00:00", "text": "TEMPIST3:27.2"}
{"direction": "server", "ts": 1779988333.328491, "iso_ts": "2026-05-28T17:12:13.328+00:00", "text": "TEMPIST1:26.6"}
{"direction": "server", "ts": 1779988333.818884, "iso_ts": "2026-05-28T17:12:13.818+00:00", "text": "TEMPIST1:26.5"}
{"direction": "server", "ts": 1779988334.060062, "iso_ts": "2026-05-28T17:12:14.060+00:00", "text": "TEMPIST3:27.1"}
{"direction": "server", "ts": 1779988336.017062, "iso_ts": "2026-05-28T17:12:16.017+00:00", "text": "TEMPIST1:26.6"}
{"direction": "server", "ts": 1779988336.259941, "iso_ts": "2026-05-28T17:12:16.259+00:00", "text": "TEMPIST1:26.5"}
{"direction": "server", "ts": 1779988340.884912, "iso_ts": "2026-05-28T17:12:20.884+00:00", "text": "TEMPIST1:26.6"}
{"direction": "server", "ts": 1779988341.128939, "iso_ts": "2026-05-28T17:12:21.128+00:00", "text": "TEMPIST1:26.5"}
{"direction": "server", "ts": 1779988344.291697, "iso_ts": "2026-05-28T17:12:24.291+00:00", "text": "TEMPIST1:26.6"}
{"direction": "server", "ts": 1779988344.530457, "iso_ts": "2026-05-28T17:12:24.530+00:00", "text": "TEMPIST1:26.5"}
{"direction": "server", "ts": 1779988344.531207, "iso_ts": "2026-05-28T17:12:24.531+00:00", "text": "TEMPIST3:27.2"}
{"direction": "server", "ts": 1779988344.776065, "iso_ts": "2026-05-28T17:12:24.776+00:00", "text": "TEMPIST3:27.1"}
{"direction": "server", "ts": 1779988348.910396, "iso_ts": "2026-05-28T17:12:28.910+00:00", "text": "TEMPIST3:27.2"}
{"direction": "server", "ts": 1779988349.152654, "iso_ts": "2026-05-28T17:12:29.152+00:00", "text": "TEMPIST1:26.6"}
{"direction": "server", "ts": 1779988349.88251, "iso_ts": "2026-05-28T17:12:29.882+00:00", "text": "TEMPIST1:26.5"}
{"direction": "server", "ts": 1779988350.126147, "iso_ts": "2026-05-28T17:12:30.126+00:00", "text": "TEMPIST3:27.1"}
{"direction": "server", "ts": 1779988350.861419, "iso_ts": "2026-05-28T17:12:30.861+00:00", "text": "WINDGESCHWINDIGKEIT:9.7"}
{"direction": "server", "ts": 1779988356.700394, "iso_ts": "2026-05-28T17:12:36.700+00:00", "text": "TEMPIST1:26.6"}
{"direction": "server", "ts": 1779988357.189407, "iso_ts": "2026-05-28T17:12:37.189+00:00", "text": "TEMPIST1:26.5"}
{"direction": "server", "ts": 1779988359.133188, "iso_ts": "2026-05-28T17:12:39.133+00:00", "text": "TEMPIST3:27.2"}
{"direction": "server", "ts": 1779988359.382226, "iso_ts": "2026-05-28T17:12:39.382+00:00", "text": "TEMPIST3:27.1"}
{"direction": "server", "ts": 1779988359.621293, "iso_ts": "2026-05-28T17:12:39.621+00:00", "text": "TEMPIST1:26.6"}
{"direction": "server", "ts": 1779988359.866751, "iso_ts": "2026-05-28T17:12:39.866+00:00", "text": "TEMPIST1:26.5"}
{"direction": "server", "ts": 1779988363.015955, "iso_ts": "2026-05-28T17:12:43.015+00:00", "text": "TEMPIST3:27.2"}
{"direction": "server", "ts": 1779988363.25983, "iso_ts": "2026-05-28T17:12:43.259+00:00", "text": "TEMPIST3:27.1"}
{"direction": "server", "ts": 1779988364.963625, "iso_ts": "2026-05-28T17:12:44.963+00:00", "text": "TEMPIST1:26.6"}
{"direction": "server", "ts": 1779988365.450306, "iso_ts": "2026-05-28T17:12:45.450+00:00", "text": "TEMPIST1:26.5"}
{"direction": "server", "ts": 1779988366.671952, "iso_ts": "2026-05-28T17:12:46.671+00:00", "text": "TEMPIST1:26.6"}
{"direction": "server", "ts": 1779988367.649101, "iso_ts": "2026-05-28T17:12:47.649+00:00", "text": "TEMPIST1:26.5"}
{"direction": "server", "ts": 1779988369.103407, "iso_ts": "2026-05-28T17:12:49.103+00:00", "text": "TEMPIST1:26.6"}
{"direction": "server", "ts": 1779988369.347873, "iso_ts": "2026-05-28T17:12:49.347+00:00", "text": "TEMPIST1:26.5"}
{"direction": "server", "ts": 1779988371.783645, "iso_ts": "2026-05-28T17:12:51.783+00:00", "text": "TEMPIST1:26.6"}
{"direction": "server", "ts": 1779988372.262958, "iso_ts": "2026-05-28T17:12:52.262+00:00", "text": "TEMPIST1:26.5"}
{"direction": "server", "ts": 1779988372.502018, "iso_ts": "2026-05-28T17:12:52.502+00:00", "text": "TEMPIST3:27.2"}
{"direction": "server", "ts": 1779988372.742941, "iso_ts": "2026-05-28T17:12:52.742+00:00", "text": "TEMPIST3:27.1"}
{"direction": "server", "ts": 1779988373.959681, "iso_ts": "2026-05-28T17:12:53.959+00:00", "text": "TEMPIST3:27.2"}
{"direction": "server", "ts": 1779988374.445791, "iso_ts": "2026-05-28T17:12:54.445+00:00", "text": "TEMPIST3:27.1"}
{"direction": "server", "ts": 1779988379.304164, "iso_ts": "2026-05-28T17:12:59.304+00:00", "text": "WINDGESCHWINDIGKEIT:5.8"}
{"direction": "server", "ts": 1779988380.511663, "iso_ts": "2026-05-28T17:13:00.511+00:00", "text": "TEMPIST3:27.2"}
{"direction": "server", "ts": 1779988380.997737, "iso_ts": "2026-05-28T17:13:00.997+00:00", "text": "TEMPIST3:27.1"}
{"direction": "server", "ts": 1779988382.934217, "iso_ts": "2026-05-28T17:13:02.934+00:00", "text": "TEMPIST1:26.6"}
{"direction": "server", "ts": 1779988383.175161, "iso_ts": "2026-05-28T17:13:03.175+00:00", "text": "TEMPIST1:26.5"}
{"direction": "server", "ts": 1779988383.418434, "iso_ts": "2026-05-28T17:13:03.418+00:00", "text": "TEMPIST1:26.6"}
{"direction": "server", "ts": 1779988384.88597, "iso_ts": "2026-05-28T17:13:04.885+00:00", "text": "TEMPIST1:26.5"}
{"direction": "server", "ts": 1779988386.347658, "iso_ts": "2026-05-28T17:13:06.347+00:00", "text": "TEMPIST1:26.6"}
{"direction": "server", "ts": 1779988386.844184, "iso_ts": "2026-05-28T17:13:06.844+00:00", "text": "TEMPIST3:27.2"}
{"direction": "server", "ts": 1779988387.567675, "iso_ts": "2026-05-28T17:13:07.567+00:00", "text": "TEMPIST1:26.5"}
{"direction": "server", "ts": 1779988388.29288, "iso_ts": "2026-05-28T17:13:08.292+00:00", "text": "TEMPIST3:27.1"}
{"direction": "server", "ts": 1779988389.02166, "iso_ts": "2026-05-28T17:13:09.021+00:00", "text": "TEMPIST1:26.6"}
{"direction": "server", "ts": 1779988390.234837, "iso_ts": "2026-05-28T17:13:10.234+00:00", "text": "TEMPIST1:26.5"}
{"direction": "server", "ts": 1779988395.351714, "iso_ts": "2026-05-28T17:13:15.351+00:00", "text": "TEMPOUT:26.5"}
{"direction": "server", "ts": 1779988395.594276, "iso_ts": "2026-05-28T17:13:15.594+00:00", "text": "TEMPIST1:26.6"}
{"direction": "server", "ts": 1779988396.810494, "iso_ts": "2026-05-28T17:13:16.810+00:00", "text": "TEMPIST1:26.5"}
{"direction": "server", "ts": 1779988399.496967, "iso_ts": "2026-05-28T17:13:19.496+00:00", "text": "TEMPIST3:27.2"}
{"direction": "server", "ts": 1779988399.981835, "iso_ts": "2026-05-28T17:13:19.981+00:00", "text": "TEMPIST3:27.1"}
{"direction": "server", "ts": 1779988400.222627, "iso_ts": "2026-05-28T17:13:20.222+00:00", "text": "TEMPIST1:26.6"}
{"direction": "server", "ts": 1779988400.469678, "iso_ts": "2026-05-28T17:13:20.469+00:00", "text": "TEMPIST1:26.5"}
{"direction": "server", "ts": 1779988400.959786, "iso_ts": "2026-05-28T17:13:20.959+00:00", "text": "TEMPIST3:27.2"}
{"direction": "server", "ts": 1779988401.446499, "iso_ts": "2026-05-28T17:13:21.446+00:00", "text": "TEMPIST3:27.1"}
{"direction": "server", "ts": 1779988403.388993, "iso_ts": "2026-05-28T17:13:23.388+00:00", "text": "TEMPIST1:26.6"}
{"direction": "server", "ts": 1779988403.872132, "iso_ts": "2026-05-28T17:13:23.872+00:00", "text": "TEMPIST1:26.5"}
{"direction": "server", "ts": 1779988407.02419, "iso_ts": "2026-05-28T17:13:27.024+00:00", "text": "TEMPIST1:26.6"}
{"direction": "server", "ts": 1779988407.268327, "iso_ts": "2026-05-28T17:13:27.268+00:00", "text": "TEMPIST3:27.2"}
{"direction": "server", "ts": 1779988407.512967, "iso_ts": "2026-05-28T17:13:27.512+00:00", "text": "TEMPIST3:27.1"}
{"direction": "server", "ts": 1779988407.750527, "iso_ts": "2026-05-28T17:13:27.750+00:00", "text": "TEMPIST1:26.5"}
{"direction": "server", "ts": 1779988409.215422, "iso_ts": "2026-05-28T17:13:29.215+00:00", "text": "TEMPIST1:26.6"}
{"direction": "server", "ts": 1779988410.910682, "iso_ts": "2026-05-28T17:13:30.910+00:00", "text": "TEMPIST3:27.2"}
{"direction": "server", "ts": 1779988411.158384, "iso_ts": "2026-05-28T17:13:31.158+00:00", "text": "TEMPIST1:26.5"}
{"direction": "server", "ts": 1779988414.577373, "iso_ts": "2026-05-28T17:13:34.577+00:00", "text": "TEMPIST1:26.6"}
{"direction": "server", "ts": 1779988414.57788, "iso_ts": "2026-05-28T17:13:34.577+00:00", "text": "TEMPIST3:27.1"}
{"direction": "server", "ts": 1779988414.818953, "iso_ts": "2026-05-28T17:13:34.818+00:00", "text": "TEMPIST1:26.5"}
{"direction": "server", "ts": 1779988415.557194, "iso_ts": "2026-05-28T17:13:35.557+00:00", "text": "TEMPIST3:27.2"}
{"direction": "server", "ts": 1779988416.293347, "iso_ts": "2026-05-28T17:13:36.293+00:00", "text": "TEMPIST3:27.1"}
{"direction": "server", "ts": 1779988416.534751, "iso_ts": "2026-05-28T17:13:36.534+00:00", "text": "TEMPIST1:26.6"}
{"direction": "server", "ts": 1779988417.50055, "iso_ts": "2026-05-28T17:13:37.500+00:00", "text": "TEMPIST1:26.5"}
{"direction": "server", "ts": 1779988417.738911, "iso_ts": "2026-05-28T17:13:37.738+00:00", "text": "TEMPIST3:27.2"}
{"direction": "server", "ts": 1779988419.190798, "iso_ts": "2026-05-28T17:13:39.190+00:00", "text": "TEMPIST3:27.1"}
{"direction": "server", "ts": 1779988419.67354, "iso_ts": "2026-05-28T17:13:39.673+00:00", "text": "TEMPIST1:26.6"}
{"direction": "server", "ts": 1779988420.641889, "iso_ts": "2026-05-28T17:13:40.641+00:00", "text": "TEMPIST1:26.5"}
{"direction": "server", "ts": 1779988420.886385, "iso_ts": "2026-05-28T17:13:40.886+00:00", "text": "TEMPIST3:27.2"}
{"direction": "server", "ts": 1779988421.133602, "iso_ts": "2026-05-28T17:13:41.133+00:00", "text": "TEMPIST1:26.6"}
{"direction": "server", "ts": 1779988422.344572, "iso_ts": "2026-05-28T17:13:42.344+00:00", "text": "TEMPIST1:26.5"}
{"direction": "server", "ts": 1779988422.583234, "iso_ts": "2026-05-28T17:13:42.583+00:00", "text": "TEMPIST3:27.1"}
{"direction": "server", "ts": 1779988423.549629, "iso_ts": "2026-05-28T17:13:43.549+00:00", "text": "TEMPIST3:27.2"}
{"direction": "server", "ts": 1779988424.036221, "iso_ts": "2026-05-28T17:13:44.036+00:00", "text": "TEMPIST3:27.1"}
{"direction": "server", "ts": 1779988424.770663, "iso_ts": "2026-05-28T17:13:44.770+00:00", "text": "WINDGESCHWINDIGKEIT:8.6"}
{"direction": "server", "ts": 1779988425.977923, "iso_ts": "2026-05-28T17:13:45.977+00:00", "text": "TEMPIST1:26.6"}
{"direction": "server", "ts": 1779988427.682046, "iso_ts": "2026-05-28T17:13:47.682+00:00", "text": "TEMPIST1:26.5"}
{"direction": "server", "ts": 1779988433.033118, "iso_ts": "2026-05-28T17:13:53.033+00:00", "text": "TEMPIST3:27.2"}
{"direction": "server", "ts": 1779988433.518325, "iso_ts": "2026-05-28T17:13:53.518+00:00", "text": "TEMPIST3:27.1"}
{"direction": "server", "ts": 1779988436.905646, "iso_ts": "2026-05-28T17:13:56.905+00:00", "text": "TEMPIST3:27.2"}
{"direction": "server", "ts": 1779988437.389881, "iso_ts": "2026-05-28T17:13:57.389+00:00", "text": "TEMPIST3:27.1"}
{"direction": "server", "ts": 1779988438.610323, "iso_ts": "2026-05-28T17:13:58.610+00:00", "text": "TEMPIST3:27.2"}
{"direction": "server", "ts": 1779988438.853757, "iso_ts": "2026-05-28T17:13:58.853+00:00", "text": "TEMPIST3:27.1"}
{"direction": "server", "ts": 1779988439.340264, "iso_ts": "2026-05-28T17:13:59.340+00:00", "text": "TEMPIST1:26.6"}
{"direction": "server", "ts": 1779988440.062888, "iso_ts": "2026-05-28T17:14:00.062+00:00", "text": "TEMPIST1:26.5"}
{"direction": "server", "ts": 1779988440.302098, "iso_ts": "2026-05-28T17:14:00.302+00:00", "text": "TEMPIST3:27.2"}
{"direction": "server", "ts": 1779988442.248955, "iso_ts": "2026-05-28T17:14:02.248+00:00", "text": "TEMPIST3:27.1"}
{"direction": "server", "ts": 1779988443.219, "iso_ts": "2026-05-28T17:14:03.219+00:00", "text": "TEMPIST1:26.6"}
{"direction": "server", "ts": 1779988443.702232, "iso_ts": "2026-05-28T17:14:03.702+00:00", "text": "TEMPIST1:26.5"}
{"direction": "server", "ts": 1779988443.942104, "iso_ts": "2026-05-28T17:14:03.942+00:00", "text": "TEMPIST3:27.2"}
{"direction": "server", "ts": 1779988447.836923, "iso_ts": "2026-05-28T17:14:07.836+00:00", "text": "TEMPIST1:26.6"}
{"direction": "server", "ts": 1779988448.326682, "iso_ts": "2026-05-28T17:14:08.326+00:00", "text": "TEMPIST1:26.5"}
{"direction": "server", "ts": 1779988449.548866, "iso_ts": "2026-05-28T17:14:09.548+00:00", "text": "TEMPIST1:26.6"}
{"direction": "server", "ts": 1779988450.279627, "iso_ts": "2026-05-28T17:14:10.279+00:00", "text": "TEMPIST1:26.5"}
{"direction": "server", "ts": 1779988452.471908, "iso_ts": "2026-05-28T17:14:12.471+00:00", "text": "TEMPIST3:27.1"}
{"direction": "server", "ts": 1779988453.440849, "iso_ts": "2026-05-28T17:14:13.440+00:00", "text": "TEMPIST3:27.2"}
{"direction": "server", "ts": 1779988454.170232, "iso_ts": "2026-05-28T17:14:14.170+00:00", "text": "TEMPIST3:27.1"}
{"direction": "server", "ts": 1779988455.632596, "iso_ts": "2026-05-28T17:14:15.632+00:00", "text": "TEMPIST1:26.6"}
{"direction": "server", "ts": 1779988456.606023, "iso_ts": "2026-05-28T17:14:16.606+00:00", "text": "TEMPIST3:27.2"}
{"direction": "server", "ts": 1779988457.580051, "iso_ts": "2026-05-28T17:14:17.580+00:00", "text": "TEMPIST3:27.1"}
{"direction": "server", "ts": 1779988457.823611, "iso_ts": "2026-05-28T17:14:17.823+00:00", "text": "TEMPIST1:26.5"}
{"direction": "server", "ts": 1779988458.814267, "iso_ts": "2026-05-28T17:14:18.814+00:00", "text": "TEMPIST3:27.2"}
{"direction": "server", "ts": 1779988459.060424, "iso_ts": "2026-05-28T17:14:19.060+00:00", "text": "TEMPIST1:26.6"}
{"direction": "server", "ts": 1779988459.30679, "iso_ts": "2026-05-28T17:14:19.306+00:00", "text": "TEMPIST1:26.5"}
{"direction": "server", "ts": 1779988460.763133, "iso_ts": "2026-05-28T17:14:20.763+00:00", "text": "TEMPIST3:27.1"}
{"direction": "server", "ts": 1779988461.730357, "iso_ts": "2026-05-28T17:14:21.730+00:00", "text": "TEMPIST3:27.2"}
{"direction": "server", "ts": 1779988462.947079, "iso_ts": "2026-05-28T17:14:22.947+00:00", "text": "TEMPIST1:26.6"}
{"direction": "server", "ts": 1779988462.947706, "iso_ts": "2026-05-28T17:14:22.947+00:00", "text": "TEMPIST3:27.1"}
{"direction": "server", "ts": 1779988463.189855, "iso_ts": "2026-05-28T17:14:23.189+00:00", "text": "TEMPIST1:26.5"}
{"direction": "server", "ts": 1779988464.402357, "iso_ts": "2026-05-28T17:14:24.402+00:00", "text": "TEMPIST1:26.6"}
{"direction": "server", "ts": 1779988464.650912, "iso_ts": "2026-05-28T17:14:24.650+00:00", "text": "TEMPIST1:26.5"}
{"direction": "server", "ts": 1779988466.591635, "iso_ts": "2026-05-28T17:14:26.591+00:00", "text": "WINDGESCHWINDIGKEIT:12.2"}
{"direction": "server", "ts": 1779988467.565918, "iso_ts": "2026-05-28T17:14:27.565+00:00", "text": "TEMPIST3:27.2"}
{"direction": "server", "ts": 1779988468.53135, "iso_ts": "2026-05-28T17:14:28.531+00:00", "text": "TEMPIST1:26.6"}
{"direction": "server", "ts": 1779988470.721986, "iso_ts": "2026-05-28T17:14:30.721+00:00", "text": "TEMPIST1:26.5"}
{"direction": "server", "ts": 1779988470.722529, "iso_ts": "2026-05-28T17:14:30.722+00:00", "text": "TEMPIST3:27.1"}
{"direction": "server", "ts": 1779988471.704528, "iso_ts": "2026-05-28T17:14:31.704+00:00", "text": "TEMPIST3:27.2"}
{"direction": "server", "ts": 1779988471.960262, "iso_ts": "2026-05-28T17:14:31.960+00:00", "text": "TEMPIST1:26.6"}
{"direction": "server", "ts": 1779988472.197435, "iso_ts": "2026-05-28T17:14:32.197+00:00", "text": "TEMPIST1:26.5"}
{"direction": "server", "ts": 1779988473.890065, "iso_ts": "2026-05-28T17:14:33.890+00:00", "text": "TEMPIST1:26.6"}
{"direction": "server", "ts": 1779988474.372134, "iso_ts": "2026-05-28T17:14:34.372+00:00", "text": "TEMPIST1:26.5"}
{"direction": "server", "ts": 1779988475.345805, "iso_ts": "2026-05-28T17:14:35.345+00:00", "text": "TEMPIST3:27.1"}
{"direction": "server", "ts": 1779988475.835696, "iso_ts": "2026-05-28T17:14:35.835+00:00", "text": "TEMPIST1:26.6"}
{"direction": "server", "ts": 1779988477.789393, "iso_ts": "2026-05-28T17:14:37.789+00:00", "text": "TEMPIST3:27.2"}
{"direction": "server", "ts": 1779988478.281972, "iso_ts": "2026-05-28T17:14:38.281+00:00", "text": "TEMPIST1:26.5"}
{"direction": "server", "ts": 1779988479.2538, "iso_ts": "2026-05-28T17:14:39.253+00:00", "text": "TEMPIST3:27.1"}
{"direction": "server", "ts": 1779988480.460585, "iso_ts": "2026-05-28T17:14:40.460+00:00", "text": "TEMPIST1:26.6"}
{"direction": "server", "ts": 1779988481.433595, "iso_ts": "2026-05-28T17:14:41.433+00:00", "text": "TEMPIST3:27.2"}
{"direction": "server", "ts": 1779988481.674495, "iso_ts": "2026-05-28T17:14:41.674+00:00", "text": "TEMPIST1:26.5"}
{"direction": "server", "ts": 1779988482.893964, "iso_ts": "2026-05-28T17:14:42.893+00:00", "text": "TEMPIST1:26.6"}
{"direction": "server", "ts": 1779988482.894505, "iso_ts": "2026-05-28T17:14:42.894+00:00", "text": "TEMPIST3:27.1"}
{"direction": "server", "ts": 1779988483.137733, "iso_ts": "2026-05-28T17:14:43.137+00:00", "text": "TEMPIST1:26.5"}
{"direction": "server", "ts": 1779988484.110015, "iso_ts": "2026-05-28T17:14:44.110+00:00", "text": "TEMPIST3:27.2"}
{"direction": "server", "ts": 1779988484.351494, "iso_ts": "2026-05-28T17:14:44.351+00:00", "text": "TEMPIST1:26.6"}
{"direction": "server", "ts": 1779988484.83717, "iso_ts": "2026-05-28T17:14:44.837+00:00", "text": "TEMPIST1:26.5"}
{"direction": "server", "ts": 1779988487.733116, "iso_ts": "2026-05-28T17:14:47.733+00:00", "text": "TEMPIST3:27.1"}
{"direction": "server", "ts": 1779988488.951363, "iso_ts": "2026-05-28T17:14:48.951+00:00", "text": "TEMPIST3:27.2"}
{"direction": "server", "ts": 1779988491.131127, "iso_ts": "2026-05-28T17:14:51.131+00:00", "text": "TEMPIST1:26.6"}
{"direction": "server", "ts": 1779988492.095217, "iso_ts": "2026-05-28T17:14:52.095+00:00", "text": "TEMPIST3:27.1"}
{"direction": "server", "ts": 1779988493.557537, "iso_ts": "2026-05-28T17:14:53.557+00:00", "text": "TEMPIST3:27.2"}
{"direction": "server", "ts": 1779988494.518257, "iso_ts": "2026-05-28T17:14:54.518+00:00", "text": "TEMPIST1:26.5"}
{"direction": "server", "ts": 1779988494.764666, "iso_ts": "2026-05-28T17:14:54.764+00:00", "text": "TEMPIST1:26.6"}
{"direction": "server", "ts": 1779988495.010352, "iso_ts": "2026-05-28T17:14:55.010+00:00", "text": "TEMPIST1:26.5"}
{"direction": "server", "ts": 1779988495.494955, "iso_ts": "2026-05-28T17:14:55.494+00:00", "text": "TEMPIST1:26.6"}
{"direction": "server", "ts": 1779988495.736672, "iso_ts": "2026-05-28T17:14:55.736+00:00", "text": "TEMPIST1:26.5"}
{"direction": "server", "ts": 1779988495.737221, "iso_ts": "2026-05-28T17:14:55.737+00:00", "text": "TEMPIST3:27.1"}
{"direction": "server", "ts": 1779988496.219302, "iso_ts": "2026-05-28T17:14:56.219+00:00", "text": "TEMPIST1:26.6"}
{"direction": "server", "ts": 1779988496.708823, "iso_ts": "2026-05-28T17:14:56.708+00:00", "text": "TEMPIST3:27.2"}
{"direction": "server", "ts": 1779988497.440114, "iso_ts": "2026-05-28T17:14:57.440+00:00", "text": "TEMPIST1:26.5"}
{"direction": "server", "ts": 1779988497.680066, "iso_ts": "2026-05-28T17:14:57.680+00:00", "text": "TEMPIST1:26.6"}
{"direction": "server", "ts": 1779988497.924543, "iso_ts": "2026-05-28T17:14:57.924+00:00", "text": "TEMPIST1:26.5"}
{"direction": "server", "ts": 1779988498.163309, "iso_ts": "2026-05-28T17:14:58.163+00:00", "text": "TEMPIST1:26.6"}
{"direction": "server", "ts": 1779988498.411257, "iso_ts": "2026-05-28T17:14:58.411+00:00", "text": "TEMPIST1:26.5"}
{"direction": "server", "ts": 1779988498.653477, "iso_ts": "2026-05-28T17:14:58.653+00:00", "text": "TEMPIST1:26.6"}
{"direction": "server", "ts": 1779988500.600158, "iso_ts": "2026-05-28T17:15:00.600+00:00", "text": "TEMPIST1:26.5"}
{"direction": "server", "ts": 1779988502.790496, "iso_ts": "2026-05-28T17:15:02.790+00:00", "text": "TEMPIST1:26.6"}
{"direction": "server", "ts": 1779988502.791222, "iso_ts": "2026-05-28T17:15:02.791+00:00", "text": "TEMPIST3:27.1"}
{"direction": "server", "ts": 1779988503.035341, "iso_ts": "2026-05-28T17:15:03.035+00:00", "text": "TEMPIST1:26.5"}
{"direction": "server", "ts": 1779988504.003084, "iso_ts": "2026-05-28T17:15:04.003+00:00", "text": "TEMPIST3:27.2"}
{"direction": "server", "ts": 1779988504.488659, "iso_ts": "2026-05-28T17:15:04.488+00:00", "text": "TEMPIST1:26.6"}
{"direction": "server", "ts": 1779988505.463998, "iso_ts": "2026-05-28T17:15:05.463+00:00", "text": "TEMPIST1:26.5"}
{"direction": "server", "ts": 1779988505.951328, "iso_ts": "2026-05-28T17:15:05.951+00:00", "text": "TEMPIST1:26.6"}
{"direction": "server", "ts": 1779988506.190941, "iso_ts": "2026-05-28T17:15:06.190+00:00", "text": "TEMPIST1:26.5"}
{"direction": "server", "ts": 1779988506.431745, "iso_ts": "2026-05-28T17:15:06.431+00:00", "text": "TEMPIST1:26.6"}
{"direction": "server", "ts": 1779988507.645826, "iso_ts": "2026-05-28T17:15:07.645+00:00", "text": "TEMPIST1:26.5"}
{"direction": "server", "ts": 1779988509.361314, "iso_ts": "2026-05-28T17:15:09.361+00:00", "text": "TEMPIST3:27.1"}
{"direction": "server", "ts": 1779988511.299492, "iso_ts": "2026-05-28T17:15:11.299+00:00", "text": "TEMPIST3:27.2"}
{"direction": "server", "ts": 1779988512.509378, "iso_ts": "2026-05-28T17:15:12.509+00:00", "text": "TEMPIST1:26.6"}
{"direction": "server", "ts": 1779988513.977812, "iso_ts": "2026-05-28T17:15:13.977+00:00", "text": "TEMPIST1:26.5"}
{"direction": "server", "ts": 1779988515.687459, "iso_ts": "2026-05-28T17:15:15.687+00:00", "text": "TEMPIST1:26.6"}
{"direction": "server", "ts": 1779988516.172367, "iso_ts": "2026-05-28T17:15:16.172+00:00", "text": "TEMPIST1:26.5"}
{"direction": "server", "ts": 1779988516.412463, "iso_ts": "2026-05-28T17:15:16.412+00:00", "text": "TEMPIST3:27.1"}
{"direction": "server", "ts": 1779988517.382718, "iso_ts": "2026-05-28T17:15:17.382+00:00", "text": "TEMPIST1:26.6"}
{"direction": "server", "ts": 1779988517.627967, "iso_ts": "2026-05-28T17:15:17.627+00:00", "text": "TEMPIST1:26.5"}
{"direction": "server", "ts": 1779988518.846605, "iso_ts": "2026-05-28T17:15:18.846+00:00", "text": "TEMPIST3:27.2"}
{"direction": "server", "ts": 1779988520.797852, "iso_ts": "2026-05-28T17:15:20.797+00:00", "text": "TEMPIST3:27.1"}
{"direction": "server", "ts": 1779988521.283746, "iso_ts": "2026-05-28T17:15:21.283+00:00", "text": "TEMPIST1:26.6"}
{"direction": "server", "ts": 1779988521.761039, "iso_ts": "2026-05-28T17:15:21.761+00:00", "text": "TEMPIST1:26.5"}
{"direction": "server", "ts": 1779988522.736141, "iso_ts": "2026-05-28T17:15:22.736+00:00", "text": "TEMPIST3:27.2"}
{"direction": "server", "ts": 1779988522.97878, "iso_ts": "2026-05-28T17:15:22.978+00:00", "text": "TEMPIST3:27.1"}
{"direction": "server", "ts": 1779988523.468407, "iso_ts": "2026-05-28T17:15:23.468+00:00", "text": "TEMPIST1:26.6"}
{"direction": "server", "ts": 1779988523.950688, "iso_ts": "2026-05-28T17:15:23.950+00:00", "text": "TEMPIST3:27.2"}
{"direction": "server", "ts": 1779988524.681714, "iso_ts": "2026-05-28T17:15:24.681+00:00", "text": "TEMPIST1:26.5"}
{"direction": "server", "ts": 1779988525.414523, "iso_ts": "2026-05-28T17:15:25.414+00:00", "text": "TEMPIST3:27.1"}
{"direction": "server", "ts": 1779988525.658858, "iso_ts": "2026-05-28T17:15:25.658+00:00", "text": "TEMPIST1:26.6"}
{"direction": "server", "ts": 1779988526.630814, "iso_ts": "2026-05-28T17:15:26.630+00:00", "text": "TEMPIST3:27.2"}
{"direction": "server", "ts": 1779988526.87533, "iso_ts": "2026-05-28T17:15:26.875+00:00", "text": "TEMPIST1:26.5"}
{"direction": "server", "ts": 1779988527.121192, "iso_ts": "2026-05-28T17:15:27.121+00:00", "text": "TEMPIST3:27.1"}
{"direction": "server", "ts": 1779988528.094752, "iso_ts": "2026-05-28T17:15:28.094+00:00", "text": "TEMPIST3:27.2"}
{"direction": "server", "ts": 1779988528.582264, "iso_ts": "2026-05-28T17:15:28.582+00:00", "text": "TEMPIST1:26.6"}
{"direction": "server", "ts": 1779988528.822853, "iso_ts": "2026-05-28T17:15:28.822+00:00", "text": "TEMPIST1:26.5"}
{"direction": "server", "ts": 1779988530.281682, "iso_ts": "2026-05-28T17:15:30.281+00:00", "text": "TEMPIST1:26.6"}
{"direction": "server", "ts": 1779988531.255866, "iso_ts": "2026-05-28T17:15:31.255+00:00", "text": "TEMPIST3:27.1"}
{"direction": "server", "ts": 1779988531.98813, "iso_ts": "2026-05-28T17:15:31.988+00:00", "text": "TEMPIST1:26.5"}
{"direction": "server", "ts": 1779988532.235254, "iso_ts": "2026-05-28T17:15:32.235+00:00", "text": "TEMPIST3:27.2"}
{"direction": "server", "ts": 1779988533.692732, "iso_ts": "2026-05-28T17:15:33.692+00:00", "text": "TEMPIST3:27.1"}
{"direction": "server", "ts": 1779988534.415895, "iso_ts": "2026-05-28T17:15:34.415+00:00", "text": "TEMPIST1:26.6"}
{"direction": "server", "ts": 1779988534.898594, "iso_ts": "2026-05-28T17:15:34.898+00:00", "text": "TEMPIST3:27.2"}
{"direction": "server", "ts": 1779988535.870273, "iso_ts": "2026-05-28T17:15:35.870+00:00", "text": "TEMPIST1:26.5"}
{"direction": "server", "ts": 1779988535.870859, "iso_ts": "2026-05-28T17:15:35.870+00:00", "text": "TEMPIST3:27.1"}
{"direction": "server", "ts": 1779988537.085078, "iso_ts": "2026-05-28T17:15:37.085+00:00", "text": "TEMPIST1:26.6"}
{"direction": "server", "ts": 1779988537.571098, "iso_ts": "2026-05-28T17:15:37.571+00:00", "text": "TEMPIST1:26.5"}
{"direction": "server", "ts": 1779988538.298272, "iso_ts": "2026-05-28T17:15:38.298+00:00", "text": "TEMPIST3:27.2"}
{"direction": "server", "ts": 1779988538.545797, "iso_ts": "2026-05-28T17:15:38.545+00:00", "text": "TEMPIST1:26.6"}
{"direction": "server", "ts": 1779988539.035643, "iso_ts": "2026-05-28T17:15:39.035+00:00", "text": "TEMPIST3:27.1"}
{"direction": "server", "ts": 1779988540.255896, "iso_ts": "2026-05-28T17:15:40.255+00:00", "text": "TEMPIST1:26.5"}
{"direction": "server", "ts": 1779988540.992598, "iso_ts": "2026-05-28T17:15:40.992+00:00", "text": "TEMPIST3:27.2"}
{"direction": "server", "ts": 1779988541.481563, "iso_ts": "2026-05-28T17:15:41.481+00:00", "text": "TEMPIST3:27.1"}
{"direction": "server", "ts": 1779988541.727617, "iso_ts": "2026-05-28T17:15:41.727+00:00", "text": "TEMPIST1:26.6"}
{"direction": "server", "ts": 1779988545.122107, "iso_ts": "2026-05-28T17:15:45.122+00:00", "text": "TEMPIST3:27.2"}
{"direction": "server", "ts": 1779988545.603109, "iso_ts": "2026-05-28T17:15:45.603+00:00", "text": "TEMPIST1:26.5"}
{"direction": "server", "ts": 1779988545.848725, "iso_ts": "2026-05-28T17:15:45.848+00:00", "text": "TEMPIST3:27.1"}
{"direction": "server", "ts": 1779988546.818479, "iso_ts": "2026-05-28T17:15:46.818+00:00", "text": "TEMPIST1:26.6"}
{"direction": "server", "ts": 1779988547.792394, "iso_ts": "2026-05-28T17:15:47.792+00:00", "text": "TEMPIST3:27.2"}
{"direction": "server", "ts": 1779988548.515339, "iso_ts": "2026-05-28T17:15:48.515+00:00", "text": "TEMPIST3:27.1"}
{"direction": "server", "ts": 1779988549.482022, "iso_ts": "2026-05-28T17:15:49.482+00:00", "text": "TEMPIST1:26.5"}
{"direction": "server", "ts": 1779988549.719559, "iso_ts": "2026-05-28T17:15:49.719+00:00", "text": "TEMPIST3:27.2"}
{"direction": "server", "ts": 1779988549.963263, "iso_ts": "2026-05-28T17:15:49.963+00:00", "text": "TEMPIST1:26.6"}
{"direction": "server", "ts": 1779988550.936694, "iso_ts": "2026-05-28T17:15:50.936+00:00", "text": "TEMPIST3:27.1"}
{"direction": "server", "ts": 1779988551.666846, "iso_ts": "2026-05-28T17:15:51.666+00:00", "text": "TEMPIST1:26.5"}
{"direction": "server", "ts": 1779988551.667468, "iso_ts": "2026-05-28T17:15:51.667+00:00", "text": "WINDGESCHWINDIGKEIT:16.9"}
{"direction": "server", "ts": 1779988552.151495, "iso_ts": "2026-05-28T17:15:52.151+00:00", "text": "TEMPIST3:27.2"}
{"direction": "server", "ts": 1779988552.634365, "iso_ts": "2026-05-28T17:15:52.634+00:00", "text": "TEMPIST1:26.6"}
{"direction": "server", "ts": 1779988553.120164, "iso_ts": "2026-05-28T17:15:53.120+00:00", "text": "TEMPIST3:27.1"}
{"direction": "server", "ts": 1779988554.346396, "iso_ts": "2026-05-28T17:15:54.346+00:00", "text": "TEMPIST1:26.5"}
{"direction": "server", "ts": 1779988554.588844, "iso_ts": "2026-05-28T17:15:54.588+00:00", "text": "TEMPIST1:26.6"}
{"direction": "server", "ts": 1779988556.052394, "iso_ts": "2026-05-28T17:15:56.052+00:00", "text": "TEMPIST1:26.5"}
{"direction": "server", "ts": 1779988557.0256, "iso_ts": "2026-05-28T17:15:57.025+00:00", "text": "TEMPIST3:27.2"}
{"direction": "server", "ts": 1779988557.7518, "iso_ts": "2026-05-28T17:15:57.751+00:00", "text": "TEMPIST3:27.1"}
{"direction": "server", "ts": 1779988559.216779, "iso_ts": "2026-05-28T17:15:59.216+00:00", "text": "TEMPIST1:26.6"}
{"direction": "server", "ts": 1779988559.702546, "iso_ts": "2026-05-28T17:15:59.702+00:00", "text": "TEMPIST3:27.2"}
{"direction": "server", "ts": 1779988559.941477, "iso_ts": "2026-05-28T17:15:59.941+00:00", "text": "TEMPIST3:27.1"}
{"direction": "server", "ts": 1779988560.918737, "iso_ts": "2026-05-28T17:16:00.918+00:00", "text": "TEMPIST3:27.2"}
{"direction": "server", "ts": 1779988562.613381, "iso_ts": "2026-05-28T17:16:02.613+00:00", "text": "TEMPIST1:26.5"}
{"direction": "server", "ts": 1779988563.830462, "iso_ts": "2026-05-28T17:16:03.830+00:00", "text": "TEMPIST1:26.6"}
{"direction": "server", "ts": 1779988564.800239, "iso_ts": "2026-05-28T17:16:04.800+00:00", "text": "TEMPIST1:26.5"}
{"direction": "server", "ts": 1779988565.037121, "iso_ts": "2026-05-28T17:16:05.037+00:00", "text": "TEMPIST3:27.1"}
{"direction": "server", "ts": 1779988566.010503, "iso_ts": "2026-05-28T17:16:06.010+00:00", "text": "TEMPIST1:26.6"}
{"direction": "server", "ts": 1779988567.718117, "iso_ts": "2026-05-28T17:16:07.718+00:00", "text": "TEMPIST1:26.5"}
{"direction": "server", "ts": 1779988567.957857, "iso_ts": "2026-05-28T17:16:07.957+00:00", "text": "TEMPIST3:27.2"}
{"direction": "server", "ts": 1779988569.425501, "iso_ts": "2026-05-28T17:16:09.425+00:00", "text": "TEMPIST1:26.6"}
{"direction": "server", "ts": 1779988570.648219, "iso_ts": "2026-05-28T17:16:10.648+00:00", "text": "TEMPIST3:27.1"}
{"direction": "server", "ts": 1779988571.132819, "iso_ts": "2026-05-28T17:16:11.132+00:00", "text": "TEMPIST1:26.5"}
{"direction": "server", "ts": 1779988571.622612, "iso_ts": "2026-05-28T17:16:11.622+00:00", "text": "TEMPIST1:26.6"}
{"direction": "server", "ts": 1779988571.870677, "iso_ts": "2026-05-28T17:16:11.870+00:00", "text": "TEMPIST3:27.2"}
{"direction": "server", "ts": 1779988572.113615, "iso_ts": "2026-05-28T17:16:12.113+00:00", "text": "TEMPIST1:26.5"}
{"direction": "server", "ts": 1779988572.357713, "iso_ts": "2026-05-28T17:16:12.357+00:00", "text": "TEMPIST1:26.6"}
{"direction": "server", "ts": 1779988572.358364, "iso_ts": "2026-05-28T17:16:12.358+00:00", "text": "TEMPIST3:27.1"}
{"direction": "server", "ts": 1779988572.601406, "iso_ts": "2026-05-28T17:16:12.601+00:00", "text": "TEMPIST1:26.5"}
{"direction": "server", "ts": 1779988573.823613, "iso_ts": "2026-05-28T17:16:13.823+00:00", "text": "TEMPIST3:27.2"}
{"direction": "server", "ts": 1779988574.061548, "iso_ts": "2026-05-28T17:16:14.061+00:00", "text": "TEMPIST3:27.1"}
{"direction": "server", "ts": 1779988576.256576, "iso_ts": "2026-05-28T17:16:16.256+00:00", "text": "TEMPIST1:26.6"}
{"direction": "server", "ts": 1779988576.494645, "iso_ts": "2026-05-28T17:16:16.494+00:00", "text": "TEMPIST1:26.5"}
{"direction": "server", "ts": 1779988577.468836, "iso_ts": "2026-05-28T17:16:17.468+00:00", "text": "TEMPIST3:27.2"}
{"direction": "server", "ts": 1779988578.200268, "iso_ts": "2026-05-28T17:16:18.200+00:00", "text": "TEMPIST1:26.6"}
{"direction": "server", "ts": 1779988578.685063, "iso_ts": "2026-05-28T17:16:18.685+00:00", "text": "TEMPIST3:27.1"}
{"direction": "server", "ts": 1779988578.926789, "iso_ts": "2026-05-28T17:16:18.926+00:00", "text": "TEMPIST1:26.5"}
{"direction": "server", "ts": 1779988580.384655, "iso_ts": "2026-05-28T17:16:20.384+00:00", "text": "TEMPIST1:26.6"}
{"direction": "server", "ts": 1779988580.624891, "iso_ts": "2026-05-28T17:16:20.624+00:00", "text": "TEMPIST3:27.2"}
{"direction": "server", "ts": 1779988581.349666, "iso_ts": "2026-05-28T17:16:21.349+00:00", "text": "TEMPIST3:27.1"}
{"direction": "server", "ts": 1779988581.596625, "iso_ts": "2026-05-28T17:16:21.596+00:00", "text": "WINDGESCHWINDIGKEIT:13.7"}
{"direction": "server", "ts": 1779988582.562778, "iso_ts": "2026-05-28T17:16:22.562+00:00", "text": "TEMPIST1:26.5"}
{"direction": "server", "ts": 1779988582.563589, "iso_ts": "2026-05-28T17:16:22.563+00:00", "text": "TEMPIST3:27.2"}
{"direction": "server", "ts": 1779988582.810212, "iso_ts": "2026-05-28T17:16:22.810+00:00", "text": "TEMPIST3:27.1"}
{"direction": "server", "ts": 1779988583.055288, "iso_ts": "2026-05-28T17:16:23.055+00:00", "text": "TEMPIST1:26.6"}
{"direction": "server", "ts": 1779988584.264861, "iso_ts": "2026-05-28T17:16:24.264+00:00", "text": "TEMPIST3:27.2"}
{"direction": "server", "ts": 1779988584.507515, "iso_ts": "2026-05-28T17:16:24.507+00:00", "text": "TEMPIST3:27.1"}
{"direction": "server", "ts": 1779988585.718201, "iso_ts": "2026-05-28T17:16:25.718+00:00", "text": "TEMPIST1:26.5"}
{"direction": "server", "ts": 1779988585.71911, "iso_ts": "2026-05-28T17:16:25.719+00:00", "text": "TEMPIST3:27.2"}
{"direction": "server", "ts": 1779988586.196394, "iso_ts": "2026-05-28T17:16:26.196+00:00", "text": "TEMPIST1:26.6"}
{"direction": "server", "ts": 1779988586.680359, "iso_ts": "2026-05-28T17:16:26.680+00:00", "text": "TEMPIST1:26.5"}
{"direction": "server", "ts": 1779988586.681064, "iso_ts": "2026-05-28T17:16:26.681+00:00", "text": "TEMPIST3:27.1"}
{"direction": "server", "ts": 1779988587.402771, "iso_ts": "2026-05-28T17:16:27.402+00:00", "text": "TEMPIST1:26.6"}
{"direction": "server", "ts": 1779988587.646936, "iso_ts": "2026-05-28T17:16:27.646+00:00", "text": "TEMPIST1:26.5"}
{"direction": "server", "ts": 1779988587.647548, "iso_ts": "2026-05-28T17:16:27.647+00:00", "text": "TEMPIST3:27.2"}
{"direction": "server", "ts": 1779988587.889657, "iso_ts": "2026-05-28T17:16:27.889+00:00", "text": "TEMPIST1:26.6"}
{"direction": "server", "ts": 1779988588.863153, "iso_ts": "2026-05-28T17:16:28.863+00:00", "text": "TEMPIST3:27.1"}
{"direction": "server", "ts": 1779988589.836706, "iso_ts": "2026-05-28T17:16:29.836+00:00", "text": "TEMPIST1:26.5"}
{"direction": "server", "ts": 1779988590.812135, "iso_ts": "2026-05-28T17:16:30.812+00:00", "text": "TEMPIST1:26.6"}
{"direction": "server", "ts": 1779988591.300337, "iso_ts": "2026-05-28T17:16:31.300+00:00", "text": "TEMPIST1:26.5"}
{"direction": "server", "ts": 1779988592.272681, "iso_ts": "2026-05-28T17:16:32.272+00:00", "text": "TEMPIST1:26.6"}
{"direction": "server", "ts": 1779988593.247304, "iso_ts": "2026-05-28T17:16:33.247+00:00", "text": "TEMPIST1:26.5"}
{"direction": "server", "ts": 1779988594.221233, "iso_ts": "2026-05-28T17:16:34.221+00:00", "text": "TEMPIST1:26.6"}
{"direction": "server", "ts": 1779988594.459705, "iso_ts": "2026-05-28T17:16:34.459+00:00", "text": "TEMPIST3:27.2"}
{"direction": "server", "ts": 1779988594.947127, "iso_ts": "2026-05-28T17:16:34.947+00:00", "text": "TEMPIST3:27.1"}
{"direction": "server", "ts": 1779988596.167063, "iso_ts": "2026-05-28T17:16:36.167+00:00", "text": "TEMPIST3:27.2"}
{"direction": "server", "ts": 1779988596.655936, "iso_ts": "2026-05-28T17:16:36.655+00:00", "text": "TEMPIST3:27.1"}
{"direction": "server", "ts": 1779988599.089059, "iso_ts": "2026-05-28T17:16:39.089+00:00", "text": "TEMPIST1:26.5"}
{"direction": "server", "ts": 1779988600.304433, "iso_ts": "2026-05-28T17:16:40.304+00:00", "text": "TEMPIST1:26.6"}
{"direction": "server", "ts": 1779988601.27843, "iso_ts": "2026-05-28T17:16:41.278+00:00", "text": "TEMPIST3:27.2"}
{"direction": "server", "ts": 1779988601.773254, "iso_ts": "2026-05-28T17:16:41.773+00:00", "text": "TEMPIST1:26.5"}
{"direction": "server", "ts": 1779988602.260676, "iso_ts": "2026-05-28T17:16:42.260+00:00", "text": "TEMPIST1:26.6"}
{"direction": "server", "ts": 1779988603.232761, "iso_ts": "2026-05-28T17:16:43.232+00:00", "text": "TEMPIST1:26.5"}
{"direction": "server", "ts": 1779988603.714164, "iso_ts": "2026-05-28T17:16:43.714+00:00", "text": "TEMPIST3:27.1"}
{"direction": "server", "ts": 1779988604.204292, "iso_ts": "2026-05-28T17:16:44.204+00:00", "text": "TEMPIST1:26.6"}
{"direction": "server", "ts": 1779988604.925842, "iso_ts": "2026-05-28T17:16:44.925+00:00", "text": "TEMPIST3:27.2"}
{"direction": "server", "ts": 1779988605.172298, "iso_ts": "2026-05-28T17:16:45.172+00:00", "text": "TEMPIST3:27.1"}
{"direction": "server", "ts": 1779988607.114165, "iso_ts": "2026-05-28T17:16:47.114+00:00", "text": "TEMPIST3:27.2"}
{"direction": "server", "ts": 1779988607.354382, "iso_ts": "2026-05-28T17:16:47.354+00:00", "text": "TEMPIST1:26.5"}
{"direction": "server", "ts": 1779988607.354912, "iso_ts": "2026-05-28T17:16:47.354+00:00", "text": "TEMPIST3:27.1"}
{"direction": "server", "ts": 1779988608.080386, "iso_ts": "2026-05-28T17:16:48.080+00:00", "text": "TEMPIST1:26.6"}
{"direction": "server", "ts": 1779988609.77417, "iso_ts": "2026-05-28T17:16:49.774+00:00", "text": "TEMPIST1:26.5"}
{"direction": "server", "ts": 1779988610.019885, "iso_ts": "2026-05-28T17:16:50.019+00:00", "text": "TEMPIST3:27.2"}
{"direction": "server", "ts": 1779988610.263128, "iso_ts": "2026-05-28T17:16:50.263+00:00", "text": "TEMPIST3:27.1"}
{"direction": "server", "ts": 1779988610.748046, "iso_ts": "2026-05-28T17:16:50.748+00:00", "text": "TEMPIST1:26.6"}
{"direction": "server", "ts": 1779988611.478458, "iso_ts": "2026-05-28T17:16:51.478+00:00", "text": "TEMPIST3:27.2"}
{"direction": "server", "ts": 1779988611.720819, "iso_ts": "2026-05-28T17:16:51.720+00:00", "text": "TEMPIST3:27.1"}
{"direction": "server", "ts": 1779988613.319698, "iso_ts": "2026-05-28T17:16:53.319+00:00", "text": "TEMPIST3:27.2"}
{"direction": "server", "ts": 1779988615.022698, "iso_ts": "2026-05-28T17:16:55.022+00:00", "text": "TEMPIST3:27.1"}
{"direction": "server", "ts": 1779988616.72512, "iso_ts": "2026-05-28T17:16:56.725+00:00", "text": "TEMPIST1:26.5"}
{"direction": "server", "ts": 1779988616.970647, "iso_ts": "2026-05-28T17:16:56.970+00:00", "text": "TEMPIST3:27.2"}
{"direction": "server", "ts": 1779988617.451826, "iso_ts": "2026-05-28T17:16:57.451+00:00", "text": "TEMPIST3:27.1"}
{"direction": "server", "ts": 1779988618.663548, "iso_ts": "2026-05-28T17:16:58.663+00:00", "text": "TEMPIST3:27.2"}
{"direction": "server", "ts": 1779988618.908004, "iso_ts": "2026-05-28T17:16:58.908+00:00", "text": "TEMPIST1:26.6"}
{"direction": "server", "ts": 1779988618.908626, "iso_ts": "2026-05-28T17:16:58.908+00:00", "text": "TEMPIST3:27.1"}
{"direction": "server", "ts": 1779988620.132051, "iso_ts": "2026-05-28T17:17:00.132+00:00", "text": "TEMPIST1:26.5"}
{"direction": "server", "ts": 1779988620.377874, "iso_ts": "2026-05-28T17:17:00.377+00:00", "text": "TEMPIST1:26.6"}
{"direction": "server", "ts": 1779988620.624645, "iso_ts": "2026-05-28T17:17:00.624+00:00", "text": "TEMPIST1:26.5"}
{"direction": "server", "ts": 1779988621.104904, "iso_ts": "2026-05-28T17:17:01.104+00:00", "text": "TEMPIST1:26.6"}
{"direction": "server", "ts": 1779988621.105459, "iso_ts": "2026-05-28T17:17:01.105+00:00", "text": "TEMPIST3:27.2"}
{"direction": "server", "ts": 1779988622.561115, "iso_ts": "2026-05-28T17:17:02.561+00:00", "text": "TEMPIST1:26.5"}
{"direction": "server", "ts": 1779988622.56171, "iso_ts": "2026-05-28T17:17:02.561+00:00", "text": "TEMPIST3:27.1"}
{"direction": "server", "ts": 1779988623.787786, "iso_ts": "2026-05-28T17:17:03.787+00:00", "text": "TEMPIST1:26.6"}
{"direction": "server", "ts": 1779988624.286676, "iso_ts": "2026-05-28T17:17:04.286+00:00", "text": "WINDGESCHWINDIGKEIT:11.2"}
{"direction": "server", "ts": 1779988626.95408, "iso_ts": "2026-05-28T17:17:06.954+00:00", "text": "TEMPIST3:27.2"}
{"direction": "server", "ts": 1779988627.19906, "iso_ts": "2026-05-28T17:17:07.199+00:00", "text": "TEMPIST3:27.1"}
{"direction": "server", "ts": 1779988628.425658, "iso_ts": "2026-05-28T17:17:08.425+00:00", "text": "TEMPIST1:26.5"}
{"direction": "server", "ts": 1779988628.665299, "iso_ts": "2026-05-28T17:17:08.665+00:00", "text": "TEMPIST1:26.6"}
{"direction": "server", "ts": 1779988630.124526, "iso_ts": "2026-05-28T17:17:10.124+00:00", "text": "TEMPIST1:26.5"}
{"direction": "server", "ts": 1779988630.847059, "iso_ts": "2026-05-28T17:17:10.847+00:00", "text": "TEMPIST1:26.6"}
{"direction": "server", "ts": 1779988633.530143, "iso_ts": "2026-05-28T17:17:13.530+00:00", "text": "TEMPIST1:26.5"}
{"direction": "server", "ts": 1779988633.774889, "iso_ts": "2026-05-28T17:17:13.774+00:00", "text": "TEMPIST1:26.6"}
{"direction": "server", "ts": 1779988634.017226, "iso_ts": "2026-05-28T17:17:14.017+00:00", "text": "TEMPIST3:27.2"}
{"direction": "server", "ts": 1779988634.262878, "iso_ts": "2026-05-28T17:17:14.262+00:00", "text": "TEMPIST3:27.1"}
{"direction": "server", "ts": 1779988637.182293, "iso_ts": "2026-05-28T17:17:17.182+00:00", "text": "TEMPIST1:26.5"}
{"direction": "server", "ts": 1779988639.12725, "iso_ts": "2026-05-28T17:17:19.127+00:00", "text": "TEMPIST1:26.6"}
{"direction": "server", "ts": 1779988639.369684, "iso_ts": "2026-05-28T17:17:19.369+00:00", "text": "TEMPIST1:26.5"}
{"direction": "server", "ts": 1779988640.095294, "iso_ts": "2026-05-28T17:17:20.095+00:00", "text": "TEMPIST3:27.2"}
{"direction": "server", "ts": 1779988641.315678, "iso_ts": "2026-05-28T17:17:21.315+00:00", "text": "TEMPIST1:26.6"}
{"direction": "server", "ts": 1779988641.805028, "iso_ts": "2026-05-28T17:17:21.805+00:00", "text": "TEMPIST1:26.5"}
{"direction": "server", "ts": 1779988641.805709, "iso_ts": "2026-05-28T17:17:21.805+00:00", "text": "TEMPIST3:27.1"}
{"direction": "server", "ts": 1779988642.531453, "iso_ts": "2026-05-28T17:17:22.531+00:00", "text": "TEMPIST1:26.6"}
{"direction": "server", "ts": 1779988644.488603, "iso_ts": "2026-05-28T17:17:24.488+00:00", "text": "TEMPIST3:27.2"}
{"direction": "server", "ts": 1779988645.458699, "iso_ts": "2026-05-28T17:17:25.458+00:00", "text": "TEMPIST3:27.1"}
{"direction": "server", "ts": 1779988646.670987, "iso_ts": "2026-05-28T17:17:26.670+00:00", "text": "TEMPIST3:27.2"}
{"direction": "server", "ts": 1779988646.912905, "iso_ts": "2026-05-28T17:17:26.912+00:00", "text": "TEMPIST3:27.1"}
{"direction": "server", "ts": 1779988647.885533, "iso_ts": "2026-05-28T17:17:27.885+00:00", "text": "TEMPIST3:27.2"}
{"direction": "server", "ts": 1779988648.371744, "iso_ts": "2026-05-28T17:17:28.371+00:00", "text": "TEMPIST3:27.1"}
{"direction": "server", "ts": 1779988653.450672, "iso_ts": "2026-05-28T17:17:33.450+00:00", "text": "TEMPIST3:27.2"}
{"direction": "server", "ts": 1779988654.183482, "iso_ts": "2026-05-28T17:17:34.183+00:00", "text": "TEMPIST3:27.1"}
{"direction": "server", "ts": 1779988655.651785, "iso_ts": "2026-05-28T17:17:35.651+00:00", "text": "TEMPIST3:27.2"}
{"direction": "server", "ts": 1779988656.134377, "iso_ts": "2026-05-28T17:17:36.134+00:00", "text": "TEMPIST1:26.5"}
{"direction": "server", "ts": 1779988656.377361, "iso_ts": "2026-05-28T17:17:36.377+00:00", "text": "TEMPIST1:26.6"}
{"direction": "server", "ts": 1779988658.32509, "iso_ts": "2026-05-28T17:17:38.325+00:00", "text": "TEMPIST3:27.1"}
{"direction": "server", "ts": 1779988660.260303, "iso_ts": "2026-05-28T17:17:40.260+00:00", "text": "TEMPIST3:27.2"}
{"direction": "server", "ts": 1779988660.986093, "iso_ts": "2026-05-28T17:17:40.986+00:00", "text": "TEMPIST3:27.1"}
{"direction": "server", "ts": 1779988663.172719, "iso_ts": "2026-05-28T17:17:43.172+00:00", "text": "TEMPIST3:27.2"}
{"direction": "server", "ts": 1779988663.666037, "iso_ts": "2026-05-28T17:17:43.666+00:00", "text": "TEMPIST3:27.1"}
{"direction": "server", "ts": 1779988665.608559, "iso_ts": "2026-05-28T17:17:45.608+00:00", "text": "WINDGESCHWINDIGKEIT:14.8"}
